Archive member included to satisfy reference by file (symbol)

../../libDaisy/build/libdaisy.a(stm32h7xx_hal.o)
                              build/main.o (HAL_Delay)
../../libDaisy/build/libdaisy.a(stm32h7xx_hal_cortex.o)
                              ../../libDaisy/build/libdaisy.a(stm32h7xx_hal.o) (HAL_NVIC_SetPriorityGrouping)
../../libDaisy/build/libdaisy.a(stm32h7xx_hal_rcc.o)
                              ../../libDaisy/build/libdaisy.a(stm32h7xx_hal.o) (HAL_RCC_GetSysClockFreq)
../../libDaisy/build/libdaisy.a(stm32h7xx_hal_rcc_ex.o)
                              ../../libDaisy/build/libdaisy.a(stm32h7xx_hal_rcc.o) (HAL_RCCEx_GetD1SysClockFreq)
../../libDaisy/build/libdaisy.a(daisy_seed.o)
                              build/main.o (daisy::DaisySeed::DelayMs(unsigned int))
../../libDaisy/build/libdaisy.a(codec_ak4556.o)
                              ../../libDaisy/build/libdaisy.a(daisy_seed.o) (daisy::Ak4556::Init(dsy_gpio_pin))
../../libDaisy/build/libdaisy.a(codec_wm8731.o)
                              ../../libDaisy/build/libdaisy.a(daisy_seed.o) (daisy::Wm8731::Init(daisy::Wm8731::Config const&, daisy::I2CHandle))
../../libDaisy/build/libdaisy.a(sdram.o)
                              ../../libDaisy/build/libdaisy.a(daisy_seed.o) (SdramHandle::Init())
../../libDaisy/build/libdaisy.a(audio.o)
                              ../../libDaisy/build/libdaisy.a(daisy_seed.o) (daisy::AudioHandle::Init(daisy::AudioHandle::Config const&, daisy::SaiHandle))
../../libDaisy/build/libdaisy.a(ctrl.o)
                              build/main.o (daisy::AnalogControl::Init(unsigned short*, float, bool, bool, float))
../../libDaisy/build/libdaisy.a(switch.o)
                              build/main.o (daisy::Switch::Init(dsy_gpio_pin, float))
../../libDaisy/build/libdaisy.a(adc.o)
                              build/main.o (daisy::AdcChannelConfig::InitSingle(dsy_gpio_pin, daisy::AdcChannelConfig::ConversionSpeed))
../../libDaisy/build/libdaisy.a(gpio.o)
                              build/main.o (daisy::GPIO::Init(daisy::Pin, daisy::GPIO::Mode, daisy::GPIO::Pull, daisy::GPIO::Speed))
../../libDaisy/build/libdaisy.a(i2c.o)
                              ../../libDaisy/build/libdaisy.a(daisy_seed.o) (daisy::I2CHandle::Init(daisy::I2CHandle::Config const&))
../../libDaisy/build/libdaisy.a(qspi.o)
                              ../../libDaisy/build/libdaisy.a(daisy_seed.o) (daisy::QSPIHandle::Init(daisy::QSPIHandle::Config const&))
../../libDaisy/build/libdaisy.a(sai.o)
                              ../../libDaisy/build/libdaisy.a(daisy_seed.o) (daisy::SaiHandle::Init(daisy::SaiHandle::Config const&))
../../libDaisy/build/libdaisy.a(system.o)
                              ../../libDaisy/build/libdaisy.a(daisy_seed.o) (daisy::System::DeInit())
../../libDaisy/build/libdaisy.a(system_stm32h7xx.o)
                              build/startup_stm32h750xx.o (SystemInit)
../../libDaisy/build/libdaisy.a(usbd_conf.o)
                              ../../libDaisy/build/libdaisy.a(system.o) (hpcd_USB_OTG_HS)
../../libDaisy/build/libdaisy.a(usbh_conf.o)
                              ../../libDaisy/build/libdaisy.a(system.o) (hhcd_USB_OTG_HS)
../../libDaisy/build/libdaisy.a(hal_map.o)
                              ../../libDaisy/build/libdaisy.a(gpio.o) (dsy_hal_map_get_port)
../../libDaisy/build/libdaisy.a(stm32h7xx_hal_adc.o)
                              ../../libDaisy/build/libdaisy.a(adc.o) (HAL_ADC_ConfigChannel)
../../libDaisy/build/libdaisy.a(stm32h7xx_hal_adc_ex.o)
                              ../../libDaisy/build/libdaisy.a(adc.o) (HAL_ADCEx_Calibration_Start)
../../libDaisy/build/libdaisy.a(stm32h7xx_hal_dma.o)
                              ../../libDaisy/build/libdaisy.a(adc.o) (HAL_DMA_Init)
../../libDaisy/build/libdaisy.a(stm32h7xx_hal_gpio.o)
                              ../../libDaisy/build/libdaisy.a(stm32h7xx_hal_rcc.o) (HAL_GPIO_Init)
../../libDaisy/build/libdaisy.a(stm32h7xx_hal_hcd.o)
                              ../../libDaisy/build/libdaisy.a(usbh_conf.o) (HAL_HCD_HC_Init)
../../libDaisy/build/libdaisy.a(stm32h7xx_hal_i2c.o)
                              ../../libDaisy/build/libdaisy.a(i2c.o) (HAL_I2C_Init)
../../libDaisy/build/libdaisy.a(stm32h7xx_hal_i2c_ex.o)
                              ../../libDaisy/build/libdaisy.a(i2c.o) (HAL_I2CEx_ConfigAnalogFilter)
../../libDaisy/build/libdaisy.a(stm32h7xx_hal_pcd.o)
                              ../../libDaisy/build/libdaisy.a(usbd_conf.o) (HAL_PCD_Init)
../../libDaisy/build/libdaisy.a(stm32h7xx_hal_pcd_ex.o)
                              ../../libDaisy/build/libdaisy.a(usbd_conf.o) (HAL_PCDEx_SetTxFiFo)
../../libDaisy/build/libdaisy.a(stm32h7xx_hal_pwr_ex.o)
                              ../../libDaisy/build/libdaisy.a(system.o) (HAL_PWREx_ConfigSupply)
../../libDaisy/build/libdaisy.a(stm32h7xx_hal_qspi.o)
                              ../../libDaisy/build/libdaisy.a(qspi.o) (HAL_QSPI_Init)
../../libDaisy/build/libdaisy.a(stm32h7xx_hal_sai.o)
[...]
Memory Configuration

Name             Origin             Length             Attributes
FLASH            0x0000000008000000 0x0000000000020000 xr
DTCMRAM          0x0000000020000000 0x0000000000020000 xrw
SRAM             0x0000000024000000 0x0000000000080000 xrw
RAM_D2           0x0000000030000000 0x0000000000048000 xrw
RAM_D3           0x0000000038000000 0x0000000000010000 xrw
BACKUP_SRAM      0x0000000038800000 0x0000000000001000 xrw
ITCMRAM          0x0000000000000000 0x0000000000010000 xrw
SDRAM            0x00000000c0000000 0x0000000004000000 xrw
QSPIFLASH        0x0000000090000000 0x0000000000800000 xr
*default*        0x0000000000000000 0xffffffffffffffff

Linker script and memory map

LOAD /Library/DaisyToolchain/0.2.0/arm/bin/../lib/gcc/arm-none-eabi/10.3.1/thumb/v7e-m+dp/hard/crti.o
LOAD /Library/DaisyToolchain/0.2.0/arm/bin/../lib/gcc/arm-none-eabi/10.3.1/thumb/v7e-m+dp/hard/crtbegin.o
LOAD /Library/DaisyToolchain/0.2.0/arm/bin/../lib/gcc/arm-none-eabi/10.3.1/../../../../arm-none-eabi/lib/thumb/v7e-m+dp/hard/crt0.o
LOAD build/startup_stm32h750xx.o
LOAD build/main.o
LOAD build/RCFilter.o
LOAD build/TubeScreamer.o
LOAD build/Oversampler2x.o
LOAD build/TSClipping.o
LOAD build/IIRFilter.o
LOAD ../../libDaisy/build/libdaisy.a
LOAD /Library/DaisyToolchain/0.2.0/arm/bin/../lib/gcc/arm-none-eabi/10.3.1/../../../../arm-none-eabi/lib/thumb/v7e-m+dp/hard/libnosys.a
LOAD ../../DaisySP/build/libdaisysp.a
LOAD /Library/DaisyToolchain/0.2.0/arm/bin/../lib/gcc/arm-none-eabi/10.3.1/../../../../arm-none-eabi/lib/thumb/v7e-m+dp/hard/libstdc++_nano.a
LOAD /Library/DaisyToolchain/0.2.0/arm/bin/../lib/gcc/arm-none-eabi/10.3.1/../../../../arm-none-eabi/lib/thumb/v7e-m+dp/hard/libm.a
LOAD /Library/DaisyToolchain/0.2.0/arm/bin/../lib/gcc/arm-none-eabi/10.3.1/../../../../arm-none-eabi/lib/thumb/v7e-m+dp/hard/libc_nano.a
START GROUP
LOAD /Library/DaisyToolchain/0.2.0/arm/bin/../lib/gcc/arm-none-eabi/10.3.1/thumb/v7e-m+dp/hard/libgcc.a
LOAD /Library/DaisyToolchain/0.2.0/arm/bin/../lib/gcc/arm-none-eabi/10.3.1/../../../../arm-none-eabi/lib/thumb/v7e-m+dp/hard/libc_nano.a
END GROUP
START GROUP
LOAD /Library/DaisyToolchain/0.2.0/arm/bin/../lib/gcc/arm-none-eabi/10.3.1/thumb/v7e-m+dp/hard/libgcc.a
LOAD /Library/DaisyToolchain/0.2.0/arm/bin/../lib/gcc/arm-none-eabi/10.3.1/../../../../arm-none-eabi/lib/thumb/v7e-m+dp/hard/libc_nano.a
LOAD /Library/DaisyToolchain/0.2.0/arm/bin/../lib/gcc/arm-none-eabi/10.3.1/../../../../arm-none-eabi/lib/thumb/v7e-m+dp/hard/libnosys.a
END GROUP
START GROUP
LOAD /Library/DaisyToolchain/0.2.0/arm/bin/../lib/gcc/arm-none-eabi/10.3.1/thumb/v7e-m+dp/hard/libgcc.a
LOAD /Library/DaisyToolchain/0.2.0/arm/bin/../lib/gcc/arm-none-eabi/10.3.1/../../../../arm-none-eabi/lib/thumb/v7e-m+dp/hard/libc_nano.a
LOAD /Library/DaisyToolchain/0.2.0/arm/bin/../lib/gcc/arm-none-eabi/10.3.1/../../../../arm-none-eabi/lib/thumb/v7e-m+dp/hard/libnosys.a
END GROUP
LOAD /Library/DaisyToolchain/0.2.0/arm/bin/../lib/gcc/arm-none-eabi/10.3.1/thumb/v7e-m+dp/hard/crtend.o
LOAD /Library/DaisyToolchain/0.2.0/arm/bin/../lib/gcc/arm-none-eabi/10.3.1/thumb/v7e-m+dp/hard/crtn.o
                0x0000000020020000                _estack = 0x20020000

.isr_vector     0x0000000008000000      0x298
                0x0000000008000000                . = ALIGN (0x4)
 *(.isr_vector)
 .isr_vector    0x0000000008000000      0x298 build/startup_stm32h750xx.o
                0x0000000008000000                g_pfnVectors
                0x0000000008000298                . = ALIGN (0x4)

.text           0x0000000008000298    0x145a0
                0x0000000008000298                . = ALIGN (0x4)
                0x0000000008000298                _stext = .
 *(.text)
 .text          0x0000000008000298       0x40 /Library/DaisyToolchain/0.2.0/arm/bin/../lib/gcc/arm-none-eabi/10.3.1/thumb/v7e-m+dp/hard/crtbegin.o
 .text          0x00000000080002d8       0x30 /Library/DaisyToolchain/0.2.0/arm/bin/../lib/gcc/arm-none-eabi/10.3.1/thumb/v7e-m+dp/hard/libgcc.a(_aeabi_uldivmod.o)
                0x00000000080002d8                __aeabi_uldivmod
 .text          0x0000000008000308      0x2d0 /Library/DaisyToolchain/0.2.0/arm/bin/../lib/gcc/arm-none-eabi/10.3.1/thumb/v7e-m+dp/hard/libgcc.a(_udivmoddi4.o)
                0x0000000008000308                __udivmoddi4
 .text          0x00000000080005d8        0x4 /Library/DaisyToolchain/0.2.0/arm/bin/../lib/gcc/arm-none-eabi/10.3.1/thumb/v7e-m+dp/hard/libgcc.a(_dvmd_tls.o)
                0x00000000080005d8                __aeabi_ldiv0
                0x00000000080005d8                __aeabi_idiv0
 *(.text*)
 .text.Default_Handler
                0x00000000080005dc        0x4 build/startup_stm32h750xx.o
                0x00000000080005dc                SAI1_IRQHandler
                0x00000000080005dc                HASH_RNG_IRQHandler
                0x00000000080005dc                EXTI2_IRQHandler
                0x00000000080005dc                TIM8_CC_IRQHandler
                0x00000000080005dc                HRTIM1_Master_IRQHandler
                0x00000000080005dc                DebugMon_Handler
                0x00000000080005dc                TIM1_CC_IRQHandler
                0x00000000080005dc                BDMA_Channel6_IRQHandler
                0x00000000080005dc                DMA2_Stream5_IRQHandler
                0x00000000080005dc                HRTIM1_FLT_IRQHandler
                0x00000000080005dc                JPEG_IRQHandler
                0x00000000080005dc                BDMA_Channel1_IRQHandler
                0x00000000080005dc                HRTIM1_TIMD_IRQHandler
                0x00000000080005dc                TAMP_STAMP_IRQHandler
                0x00000000080005dc                PendSV_Handler
                0x00000000080005dc                NMI_Handler
                0x00000000080005dc                EXTI3_IRQHandler
                0x00000000080005dc                LPTIM4_IRQHandler
                0x00000000080005dc                TIM8_TRG_COM_TIM14_IRQHandler
                0x00000000080005dc                LPTIM2_IRQHandler
                0x00000000080005dc                DFSDM1_FLT1_IRQHandler
                0x00000000080005dc                DMAMUX2_OVR_IRQHandler
                0x00000000080005dc                TIM8_UP_TIM13_IRQHandler
                0x00000000080005dc                I2C3_ER_IRQHandler
                0x00000000080005dc                DFSDM1_FLT2_IRQHandler
                0x00000000080005dc                MDMA_IRQHandler
                0x00000000080005dc                LPTIM3_IRQHandler
                0x00000000080005dc                HSEM1_IRQHandler
                0x00000000080005dc                EXTI0_IRQHandler
                0x00000000080005dc                FPU_IRQHandler
                0x00000000080005dc                OTG_HS_WKUP_IRQHandler
                0x00000000080005dc                FDCAN1_IT1_IRQHandler
                0x00000000080005dc                UsageFault_Handler
                0x00000000080005dc                LTDC_ER_IRQHandler
                0x00000000080005dc                HRTIM1_TIME_IRQHandler
                0x00000000080005dc                TIM6_DAC_IRQHandler
                0x00000000080005dc                DCMI_IRQHandler
                0x00000000080005dc                HRTIM1_TIMC_IRQHandler
                0x00000000080005dc                SAI2_IRQHandler
                0x00000000080005dc                DFSDM1_FLT3_IRQHandler
                0x00000000080005dc                TIM17_IRQHandler
                0x00000000080005dc                CRYP_IRQHandler
                0x00000000080005dc                BDMA_Channel7_IRQHandler
                0x00000000080005dc                LPTIM5_IRQHandler
                0x00000000080005dc                ADC3_IRQHandler
                0x00000000080005dc                DMA2_Stream0_IRQHandler
                0x00000000080005dc                BDMA_Channel2_IRQHandler
                0x00000000080005dc                DMAMUX1_OVR_IRQHandler
                0x00000000080005dc                TIM16_IRQHandler
                0x00000000080005dc                BDMA_Channel5_IRQHandler
                0x00000000080005dc                RCC_IRQHandler
                0x00000000080005dc                TIM8_BRK_TIM12_IRQHandler
                0x00000000080005dc                TIM1_TRG_COM_IRQHandler
                0x00000000080005dc                Default_Handler
                0x00000000080005dc                ECC_IRQHandler
                0x00000000080005dc                CEC_IRQHandler
                0x00000000080005dc                EXTI15_10_IRQHandler
                0x00000000080005dc                BDMA_Channel0_IRQHandler
                0x00000000080005dc                ADC_IRQHandler
                0x00000000080005dc                DMA1_Stream7_IRQHandler
                0x00000000080005dc                HRTIM1_TIMA_IRQHandler
                0x00000000080005dc                TIM7_IRQHandler
                0x00000000080005dc                SDMMC1_IRQHandler
                0x00000000080005dc                DMA2_Stream7_IRQHandler
                0x00000000080005dc                TIM15_IRQHandler
                0x00000000080005dc                PVD_AVD_IRQHandler
                0x00000000080005dc                EXTI9_5_IRQHandler
                0x00000000080005dc                RTC_WKUP_IRQHandler
                0x00000000080005dc                LTDC_IRQHandler
                0x00000000080005dc                SAI3_IRQHandler
                0x00000000080005dc                ETH_WKUP_IRQHandler
                0x00000000080005dc                SPDIF_RX_IRQHandler
                0x00000000080005dc                MemManage_Handler
                0x00000000080005dc                SVC_Handler
                0x00000000080005dc                CRS_IRQHandler
                0x00000000080005dc                EXTI4_IRQHandler
                0x00000000080005dc                HRTIM1_TIMB_IRQHandler
                0x00000000080005dc                FDCAN2_IT1_IRQHandler
                0x00000000080005dc                ETH_IRQHandler
                0x00000000080005dc                TIM1_UP_IRQHandler
                0x00000000080005dc                BDMA_Channel4_IRQHandler
                0x00000000080005dc                WWDG_IRQHandler
                0x00000000080005dc                SPI6_IRQHandler
                0x00000000080005dc                I2C4_EV_IRQHandler
                0x00000000080005dc                MDIOS_IRQHandler
                0x00000000080005dc                FDCAN2_IT0_IRQHandler
                0x00000000080005dc                FDCAN1_IT0_IRQHandler
                0x00000000080005dc                OTG_FS_WKUP_IRQHandler
                0x00000000080005dc                DMA2D_IRQHandler
                0x00000000080005dc                TIM1_BRK_IRQHandler
                0x00000000080005dc                EXTI1_IRQHandler
                0x00000000080005dc                SDMMC2_IRQHandler
                0x00000000080005dc                OTG_FS_EP1_OUT_IRQHandler
                0x00000000080005dc                BDMA_Channel3_IRQHandler
                0x00000000080005dc                MDIOS_WKUP_IRQHandler
                0x00000000080005dc                DFSDM1_FLT0_IRQHandler
                0x00000000080005dc                SAI4_IRQHandler
                0x00000000080005dc                I2C2_ER_IRQHandler
                0x00000000080005dc                DMA2_Stream1_IRQHandler
                0x00000000080005dc                FLASH_IRQHandler
                0x00000000080005dc                BusFault_Handler
                0x00000000080005dc                OTG_FS_IRQHandler
                0x00000000080005dc                WAKEUP_PIN_IRQHandler
                0x00000000080005dc                OTG_FS_EP1_IN_IRQHandler
                0x00000000080005dc                I2C1_ER_IRQHandler
                0x00000000080005dc                FMC_IRQHandler
                0x00000000080005dc                FDCAN_CAL_IRQHandler
                0x00000000080005dc                SWPMI1_IRQHandler
                0x00000000080005dc                COMP1_IRQHandler
                0x00000000080005dc                LPTIM1_IRQHandler
                0x00000000080005dc                I2C4_ER_IRQHandler
                0x00000000080005dc                DMA2_Stream6_IRQHandler
                0x00000000080005dc                RTC_Alarm_IRQHandler
 .text.Reset_Handler
                0x00000000080005e0       0x44 build/startup_stm32h750xx.o
                0x00000000080005e0                Reset_Handler
 .text._ZN5daisy9DaisySeedD2Ev
                0x0000000008000624        0x4 build/main.o
                0x0000000008000624                daisy::DaisySeed::~DaisySeed()
                0x0000000008000624                daisy::DaisySeed::~DaisySeed()
 .text._ZN7chowdsp3wdf3WDFIfE18propagateImpedanceEv
                0x0000000008000628       0x1c build/main.o
                0x0000000008000628                chowdsp::wdf::WDF<float>::propagateImpedance()
 .text._ZN8controls8ControlsILj6ELj4ELj2ELj2EED2Ev
                0x0000000008000644        0x4 build/main.o
                0x0000000008000644                controls::Controls<6u, 4u, 2u, 2u>::~Controls()
                0x0000000008000644                controls::Controls<6u, 4u, 2u, 2u>::~Controls()
 .text._ZN7chowdsp4wdft7BaseWDF24propagateImpedanceChangeEv
                0x0000000008000648       0x20 build/main.o
                0x0000000008000648                chowdsp::wdft::BaseWDF::propagateImpedanceChange()
 .text._Z13AudioCallbackPKfPfj
                0x0000000008000668      0x1b8 build/main.o
                0x0000000008000668                AudioCallback(float const*, float*, unsigned int)
 .text._ZN12TubeScreamerD2Ev
                0x0000000008000820      0x1f4 build/main.o
                0x0000000008000820                TubeScreamer::~TubeScreamer()
                0x0000000008000820                TubeScreamer::~TubeScreamer()
 .text.startup.main
                0x0000000008000a14      0x228 build/main.o
                0x0000000008000a14                main
 .text.startup._GLOBAL__sub_I_hw
                0x0000000008000c3c       0xc0 build/main.o
 .text._ZN7chowdsp4wdft9ResistorTIfED2Ev
                0x0000000008000cfc        0x4 build/RCFilter.o
                0x0000000008000cfc                chowdsp::wdft::ResistorT<float>::~ResistorT()
                0x0000000008000cfc                chowdsp::wdft::ResistorT<float>::~ResistorT()
 .text._ZN7chowdsp4wdft10CapacitorTIfED2Ev
                0x0000000008000d00        0x4 build/RCFilter.o
                0x0000000008000d00                chowdsp::wdft::CapacitorT<float>::~CapacitorT()
                0x0000000008000d00                chowdsp::wdft::CapacitorT<float>::~CapacitorT()
 .text._ZN7chowdsp4wdft10WDFSeriesTIfNS_3wdf3WDFIfEES4_ED2Ev
                0x0000000008000d04        0x4 build/RCFilter.o
                0x0000000008000d04                chowdsp::wdft::WDFSeriesT<float, chowdsp::wdf::WDF<float>, chowdsp::wdf::WDF<float> >::~WDFSeriesT()
                0x0000000008000d04                chowdsp::wdft::WDFSeriesT<float, chowdsp::wdf::WDF<float>, chowdsp::wdf::WDF<float> >::~WDFSeriesT()
 .text._ZN7chowdsp3wdf10WDFWrapperIfNS_4wdft9ResistorTIfEEE13calcImpedanceEv
                0x0000000008000d08       0x20 build/RCFilter.o
                0x0000000008000d08                chowdsp::wdf::WDFWrapper<float, chowdsp::wdft::ResistorT<float> >::calcImpedance()
 .text._ZN7chowdsp3wdf10WDFWrapperIfNS_4wdft10CapacitorTIfEEE13calcImpedanceEv
                0x0000000008000d28       0x30 build/RCFilter.o
                0x0000000008000d28                chowdsp::wdf::WDFWrapper<float, chowdsp::wdft::CapacitorT<float> >::calcImpedance()
 .text._ZN7chowdsp3wdf10WDFWrapperIfNS_4wdft10WDFSeriesTIfNS0_3WDFIfEES5_EEE13calcImpedanceEv
                0x0000000008000d58       0x34 build/RCFilter.o
                0x0000000008000d58                chowdsp::wdf::WDFWrapper<float, chowdsp::wdft::WDFSeriesT<float, chowdsp::wdf::WDF<float>, chowdsp::wdf::WDF<float> > >::calcImpedance()
 .text._ZN7chowdsp4wdft9ResistorTIfE13calcImpedanceEv
                0x0000000008000d8c       0x18 build/RCFilter.o
                0x0000000008000d8c                chowdsp::wdft::ResistorT<float>::calcImpedance()
 .text._ZN7chowdsp4wdft10CapacitorTIfE13calcImpedanceEv
                0x0000000008000da4       0x28 build/RCFilter.o
                0x0000000008000da4                chowdsp::wdft::CapacitorT<float>::calcImpedance()
 .text._ZN7chowdsp4wdft10WDFSeriesTIfNS_3wdf3WDFIfEES4_E13calcImpedanceEv
                0x0000000008000dcc       0x2c build/RCFilter.o
                0x0000000008000dcc                chowdsp::wdft::WDFSeriesT<float, chowdsp::wdf::WDF<float>, chowdsp::wdf::WDF<float> >::calcImpedance()
 .text._ZN7chowdsp3wdf10WDFWrapperIfNS_4wdft10CapacitorTIfEEE8incidentEf
                0x0000000008000df8       0x10 build/RCFilter.o
                0x0000000008000df8                chowdsp::wdf::WDFWrapper<float, chowdsp::wdft::CapacitorT<float> >::incident(float)
 .text._ZN7chowdsp3wdf10WDFWrapperIfNS_4wdft10CapacitorTIfEEE9reflectedEv
                0x0000000008000e08       0x10 build/RCFilter.o
                0x0000000008000e08                chowdsp::wdf::WDFWrapper<float, chowdsp::wdft::CapacitorT<float> >::reflected()
 .text._ZN7chowdsp3wdf10WDFWrapperIfNS_4wdft9ResistorTIfEEE8incidentEf
                0x0000000008000e18        0xc build/RCFilter.o
                0x0000000008000e18                chowdsp::wdf::WDFWrapper<float, chowdsp::wdft::ResistorT<float> >::incident(float)
 .text._ZN7chowdsp3wdf10WDFWrapperIfNS_4wdft9ResistorTIfEEE9reflectedEv
                0x0000000008000e24       0x14 build/RCFilter.o
                0x0000000008000e24                chowdsp::wdf::WDFWrapper<float, chowdsp::wdft::ResistorT<float> >::reflected()
 .text._ZN7chowdsp4wdft9ResistorTIfED0Ev
                0x0000000008000e38       0x10 build/RCFilter.o
                0x0000000008000e38                chowdsp::wdft::ResistorT<float>::~ResistorT()
 .text._ZN7chowdsp4wdft10CapacitorTIfED0Ev
                0x0000000008000e48       0x10 build/RCFilter.o
                0x0000000008000e48                chowdsp::wdft::CapacitorT<float>::~CapacitorT()
 .text._ZN7chowdsp4wdft10WDFSeriesTIfNS_3wdf3WDFIfEES4_ED0Ev
                0x0000000008000e58       0x10 build/RCFilter.o
                0x0000000008000e58                chowdsp::wdft::WDFSeriesT<float, chowdsp::wdf::WDF<float>, chowdsp::wdf::WDF<float> >::~WDFSeriesT()
 .text._ZN7chowdsp3wdf10WDFWrapperIfNS_4wdft10WDFSeriesTIfNS0_3WDFIfEES5_EEE9reflectedEv
                0x0000000008000e68       0x34 build/RCFilter.o
                0x0000000008000e68                chowdsp::wdf::WDFWrapper<float, chowdsp::wdft::WDFSeriesT<float, chowdsp::wdf::WDF<float>, chowdsp::wdf::WDF<float> > >::reflected()
 .text._ZN7chowdsp3wdf10WDFWrapperIfNS_4wdft10WDFSeriesTIfNS0_3WDFIfEES5_EEE8incidentEf
                0x0000000008000e9c       0x50 build/RCFilter.o
                0x0000000008000e9c                chowdsp::wdf::WDFWrapper<float, chowdsp::wdft::WDFSeriesT<float, chowdsp::wdf::WDF<float>, chowdsp::wdf::WDF<float> > >::incident(float)
 .text._ZN7chowdsp3wdf8ResistorIfED2Ev
                0x0000000008000eec       0x24 build/RCFilter.o
                0x0000000008000eec                chowdsp::wdf::Resistor<float>::~Resistor()
                0x0000000008000eec                chowdsp::wdf::Resistor<float>::~Resistor()
 .text._ZN7chowdsp3wdf9WDFSeriesIfED2Ev
                0x0000000008000f10       0x24 build/RCFilter.o
                0x0000000008000f10                chowdsp::wdf::WDFSeries<float>::~WDFSeries()
                0x0000000008000f10                chowdsp::wdf::WDFSeries<float>::~WDFSeries()
 .text._ZN7chowdsp3wdf9CapacitorIfED2Ev
                0x0000000008000f34       0x24 build/RCFilter.o
                0x0000000008000f34                chowdsp::wdf::Capacitor<float>::~Capacitor()
                0x0000000008000f34                chowdsp::wdf::Capacitor<float>::~Capacitor()
 .text._ZN7chowdsp3wdf9WDFSeriesIfED0Ev
                0x0000000008000f58       0x2c build/RCFilter.o
                0x0000000008000f58                chowdsp::wdf::WDFSeries<float>::~WDFSeries()
 .text._ZN7chowdsp3wdf9CapacitorIfED0Ev
                0x0000000008000f84       0x2c build/RCFilter.o
                0x0000000008000f84                chowdsp::wdf::Capacitor<float>::~Capacitor()
 .text._ZN7chowdsp3wdf8ResistorIfED0Ev
                0x0000000008000fb0       0x2c build/RCFilter.o
                0x0000000008000fb0                chowdsp::wdf::Resistor<float>::~Resistor()
 .text._ZN8RCFilterC2Eff
                0x0000000008000fdc      0x224 build/RCFilter.o
                0x0000000008000fdc                RCFilter::RCFilter(float, float)
                0x0000000008000fdc                RCFilter::RCFilter(float, float)
 .text._ZN8RCFilter7prepareEf
                0x0000000008001200      0x21c build/RCFilter.o
                0x0000000008001200                RCFilter::prepare(float)
 .text._ZN8RCFilter13processSampleEf
                0x000000000800141c       0x8c build/RCFilter.o
                0x000000000800141c                RCFilter::processSample(float)
 .text._ZN8RCFilter11setResistorEf
                0x00000000080014a8      0x1f8 build/RCFilter.o
                0x00000000080014a8                RCFilter::setResistor(float)
 .text._ZN8RCFilter12setCapacitorEf
                0x00000000080016a0      0x36c build/RCFilter.o
                0x00000000080016a0                RCFilter::setCapacitor(float)
 .text._ZN12TubeScreamer7prepareEf
                0x0000000008001a0c       0x30 build/TubeScreamer.o
                0x0000000008001a0c                TubeScreamer::prepare(float)
 .text._ZN12TubeScreamer7setToneEff
                0x0000000008001a3c       0x24 build/TubeScreamer.o
                0x0000000008001a3c                TubeScreamer::setTone(float, float)
 .text._ZN12TubeScreamer13processSampleEff
                0x0000000008001a60       0x38 build/TubeScreamer.o
                0x0000000008001a60                TubeScreamer::processSample(float, float)
 .text._ZN13Oversampler2x7prepareEv
                0x0000000008001a98        0x8 build/Oversampler2x.o
                0x0000000008001a98                Oversampler2x::prepare()
 .text._ZN13Oversampler2x8upsampleEfRfS0_
                0x0000000008001aa0        0xc build/Oversampler2x.o
                0x0000000008001aa0                Oversampler2x::upsample(float, float&, float&)
 .text._ZN13Oversampler2x10downsampleEf
                0x0000000008001aac       0x2c build/Oversampler2x.o
                0x0000000008001aac                Oversampler2x::downsample(float)
 .text._ZN7chowdsp4wdft7RootWDF24propagateImpedanceChangeEv
                0x0000000008001ad8        0x8 build/TSClipping.o
                0x0000000008001ad8                chowdsp::wdft::RootWDF::propagateImpedanceChange()
 .text._ZN7chowdsp4wdft19IdealVoltageSourceTIfNS_3wdf3WDFIfEEED2Ev
                0x0000000008001ae0        0x4 build/TSClipping.o
                0x0000000008001ae0                chowdsp::wdft::IdealVoltageSourceT<float, chowdsp::wdf::WDF<float> >::~IdealVoltageSourceT()
                0x0000000008001ae0                chowdsp::wdft::IdealVoltageSourceT<float, chowdsp::wdf::WDF<float> >::~IdealVoltageSourceT()
 .text._ZN7chowdsp3wdf10WDFWrapperIfNS_4wdft19IdealVoltageSourceTIfNS0_3WDFIfEEEEE8incidentEf
                0x0000000008001ae4        0xc build/TSClipping.o
                0x0000000008001ae4                chowdsp::wdf::WDFWrapper<float, chowdsp::wdft::IdealVoltageSourceT<float, chowdsp::wdf::WDF<float> > >::incident(float)
 .text._ZN7chowdsp3wdf10WDFWrapperIfNS_4wdft19IdealVoltageSourceTIfNS0_3WDFIfEEEEE9reflectedEv
                0x0000000008001af0       0x1c build/TSClipping.o
                0x0000000008001af0                chowdsp::wdf::WDFWrapper<float, chowdsp::wdft::IdealVoltageSourceT<float, chowdsp::wdf::WDF<float> > >::reflected()
 .text._ZN7chowdsp4wdft12WDFParallelTIfNS_3wdf3WDFIfEES4_ED2Ev
                0x0000000008001b0c        0x4 build/TSClipping.o
                0x0000000008001b0c                chowdsp::wdft::WDFParallelT<float, chowdsp::wdf::WDF<float>, chowdsp::wdf::WDF<float> >::~WDFParallelT()
                0x0000000008001b0c                chowdsp::wdft::WDFParallelT<float, chowdsp::wdf::WDF<float>, chowdsp::wdf::WDF<float> >::~WDFParallelT()
 .text._ZN7chowdsp4wdft10DiodePairTIfNS_3wdf3WDFIfEELNS0_12DiodeQualityE1ENS_5Omega5OmegaEED2Ev
                0x0000000008001b10        0x4 build/TSClipping.o
                0x0000000008001b10                chowdsp::wdft::DiodePairT<float, chowdsp::wdf::WDF<float>, (chowdsp::wdft::DiodeQuality)1, chowdsp::Omega::Omega>::~DiodePairT()
                0x0000000008001b10                chowdsp::wdft::DiodePairT<float, chowdsp::wdf::WDF<float>, (chowdsp::wdft::DiodeQuality)1, chowdsp::Omega::Omega>::~DiodePairT()
 .text._ZN7chowdsp3wdf10WDFWrapperIfNS_4wdft10DiodePairTIfNS0_3WDFIfEELNS2_12DiodeQualityE1ENS_5Omega5OmegaEEEE8incidentEf
                0x0000000008001b14        0xc build/TSClipping.o
                0x0000000008001b14                chowdsp::wdf::WDFWrapper<float, chowdsp::wdft::DiodePairT<float, chowdsp::wdf::WDF<float>, (chowdsp::wdft::DiodeQuality)1, chowdsp::Omega::Omega> >::incident(float)
 .text._ZN7chowdsp4wdft23ResistiveCurrentSourceTIfED2Ev
                0x0000000008001b20        0x4 build/TSClipping.o
                0x0000000008001b20                chowdsp::wdft::ResistiveCurrentSourceT<float>::~ResistiveCurrentSourceT()
                0x0000000008001b20                chowdsp::wdft::ResistiveCurrentSourceT<float>::~ResistiveCurrentSourceT()
 .text._ZN7chowdsp3wdf10WDFWrapperIfNS_4wdft19IdealVoltageSourceTIfNS0_3WDFIfEEEEE13calcImpedanceEv
                0x0000000008001b24        0xc build/TSClipping.o
                0x0000000008001b24                chowdsp::wdf::WDFWrapper<float, chowdsp::wdft::IdealVoltageSourceT<float, chowdsp::wdf::WDF<float> > >::calcImpedance()
 .text._ZN7chowdsp3wdf10WDFWrapperIfNS_4wdft12WDFParallelTIfNS0_3WDFIfEES5_EEE13calcImpedanceEv
                0x0000000008001b30       0x34 build/TSClipping.o
                0x0000000008001b30                chowdsp::wdf::WDFWrapper<float, chowdsp::wdft::WDFParallelT<float, chowdsp::wdf::WDF<float>, chowdsp::wdf::WDF<float> > >::calcImpedance()
 .text._ZN7chowdsp3wdf10WDFWrapperIfNS_4wdft23ResistiveCurrentSourceTIfEEE13calcImpedanceEv
                0x0000000008001b64       0x20 build/TSClipping.o
                0x0000000008001b64                chowdsp::wdf::WDFWrapper<float, chowdsp::wdft::ResistiveCurrentSourceT<float> >::calcImpedance()
 .text._ZN7chowdsp4wdft19IdealVoltageSourceTIfNS_3wdf3WDFIfEEE13calcImpedanceEv
                0x0000000008001b84        0x4 build/TSClipping.o
                0x0000000008001b84                chowdsp::wdft::IdealVoltageSourceT<float, chowdsp::wdf::WDF<float> >::calcImpedance()
 .text._ZN7chowdsp4wdft12WDFParallelTIfNS_3wdf3WDFIfEES4_E13calcImpedanceEv
                0x0000000008001b88       0x2c build/TSClipping.o
                0x0000000008001b88                chowdsp::wdft::WDFParallelT<float, chowdsp::wdf::WDF<float>, chowdsp::wdf::WDF<float> >::calcImpedance()
 .text._ZN7chowdsp4wdft23ResistiveCurrentSourceTIfE13calcImpedanceEv
                0x0000000008001bb4       0x18 build/TSClipping.o
                0x0000000008001bb4                chowdsp::wdft::ResistiveCurrentSourceT<float>::calcImpedance()
 .text._ZN7chowdsp3wdf10WDFWrapperIfNS_4wdft23ResistiveCurrentSourceTIfEEE8incidentEf
                0x0000000008001bcc        0xc build/TSClipping.o
                0x0000000008001bcc                chowdsp::wdf::WDFWrapper<float, chowdsp::wdft::ResistiveCurrentSourceT<float> >::incident(float)
 .text._ZN7chowdsp3wdf10WDFWrapperIfNS_4wdft23ResistiveCurrentSourceTIfEEE9reflectedEv
                0x0000000008001bd8       0x18 build/TSClipping.o
                0x0000000008001bd8                chowdsp::wdf::WDFWrapper<float, chowdsp::wdft::ResistiveCurrentSourceT<float> >::reflected()
 .text._ZN7chowdsp4wdft10DiodePairTIfNS_3wdf3WDFIfEELNS0_12DiodeQualityE1ENS_5Omega5OmegaEE13calcImpedanceEv
                0x0000000008001bf0       0x2c build/TSClipping.o
                0x0000000008001bf0                chowdsp::wdft::DiodePairT<float, chowdsp::wdf::WDF<float>, (chowdsp::wdft::DiodeQuality)1, chowdsp::Omega::Omega>::calcImpedance()
 .text._ZN7chowdsp4wdft23ResistiveCurrentSourceTIfED0Ev
                0x0000000008001c1c       0x10 build/TSClipping.o
                0x0000000008001c1c                chowdsp::wdft::ResistiveCurrentSourceT<float>::~ResistiveCurrentSourceT()
 .text._ZN7chowdsp4wdft12WDFParallelTIfNS_3wdf3WDFIfEES4_ED0Ev
                0x0000000008001c2c       0x10 build/TSClipping.o
                0x0000000008001c2c                chowdsp::wdft::WDFParallelT<float, chowdsp::wdf::WDF<float>, chowdsp::wdf::WDF<float> >::~WDFParallelT()
 .text._ZN7chowdsp4wdft19IdealVoltageSourceTIfNS_3wdf3WDFIfEEED0Ev
                0x0000000008001c3c       0x10 build/TSClipping.o
                0x0000000008001c3c                chowdsp::wdft::IdealVoltageSourceT<float, chowdsp::wdf::WDF<float> >::~IdealVoltageSourceT()
 .text._ZN7chowdsp4wdft10DiodePairTIfNS_3wdf3WDFIfEELNS0_12DiodeQualityE1ENS_5Omega5OmegaEED0Ev
                0x0000000008001c4c       0x10 build/TSClipping.o
                0x0000000008001c4c                chowdsp::wdft::DiodePairT<float, chowdsp::wdf::WDF<float>, (chowdsp::wdft::DiodeQuality)1, chowdsp::Omega::Omega>::~DiodePairT()
 .text._ZN7chowdsp3wdf10WDFWrapperIfNS_4wdft12WDFParallelTIfNS0_3WDFIfEES5_EEE9reflectedEv
                0x0000000008001c5c       0x3c build/TSClipping.o
                0x0000000008001c5c                chowdsp::wdf::WDFWrapper<float, chowdsp::wdft::WDFParallelT<float, chowdsp::wdf::WDF<float>, chowdsp::wdf::WDF<float> > >::reflected()
 .text._ZN7chowdsp3wdf10WDFWrapperIfNS_4wdft12WDFParallelTIfNS0_3WDFIfEES5_EEE8incidentEf
                0x0000000008001c98       0x48 build/TSClipping.o
                0x0000000008001c98                chowdsp::wdf::WDFWrapper<float, chowdsp::wdft::WDFParallelT<float, chowdsp::wdf::WDF<float>, chowdsp::wdf::WDF<float> > >::incident(float)
 .text._ZN7chowdsp3wdf14WDFRootWrapperIfNS_4wdft10DiodePairTIfNS0_3WDFIfEELNS2_12DiodeQualityE1ENS_5Omega5OmegaEEEE13calcImpedanceEv
                0x0000000008001ce0       0x2c build/TSClipping.o
                0x0000000008001ce0                chowdsp::wdf::WDFRootWrapper<float, chowdsp::wdft::DiodePairT<float, chowdsp::wdf::WDF<float>, (chowdsp::wdft::DiodeQuality)1, chowdsp::Omega::Omega> >::calcImpedance()
 .text._ZN7chowdsp3wdf10WDFWrapperIfNS_4wdft10DiodePairTIfNS0_3WDFIfEELNS2_12DiodeQualityE1ENS_5Omega5OmegaEEEE13calcImpedanceEv
                0x0000000008001d0c       0x34 build/TSClipping.o
                0x0000000008001d0c                chowdsp::wdf::WDFWrapper<float, chowdsp::wdft::DiodePairT<float, chowdsp::wdf::WDF<float>, (chowdsp::wdft::DiodeQuality)1, chowdsp::Omega::Omega> >::calcImpedance()
 .text._ZN7chowdsp3wdf14WDFRootWrapperIfNS_4wdft10DiodePairTIfNS0_3WDFIfEELNS2_12DiodeQualityE1ENS_5Omega5OmegaEEEE18propagateImpedanceEv
                0x0000000008001d40       0x3c build/TSClipping.o
                0x0000000008001d40                chowdsp::wdf::WDFRootWrapper<float, chowdsp::wdft::DiodePairT<float, chowdsp::wdf::WDF<float>, (chowdsp::wdft::DiodeQuality)1, chowdsp::Omega::Omega> >::propagateImpedance()
 .text._ZN7chowdsp3wdf10WDFWrapperIfNS_4wdft10DiodePairTIfNS0_3WDFIfEELNS2_12DiodeQualityE1ENS_5Omega5OmegaEEEE9reflectedEv
                0x0000000008001d7c      0x340 build/TSClipping.o
                0x0000000008001d7c                chowdsp::wdf::WDFWrapper<float, chowdsp::wdft::DiodePairT<float, chowdsp::wdf::WDF<float>, (chowdsp::wdft::DiodeQuality)1, chowdsp::Omega::Omega> >::reflected()
 .text._ZN7chowdsp3wdf10WDFWrapperIfNS_4wdft10DiodePairTIfNS0_3WDFIfEELNS2_12DiodeQualityE1ENS_5Omega5OmegaEEEED2Ev
                0x00000000080020bc       0x24 build/TSClipping.o
                0x00000000080020bc                chowdsp::wdf::WDFWrapper<float, chowdsp::wdft::DiodePairT<float, chowdsp::wdf::WDF<float>, (chowdsp::wdft::DiodeQuality)1, chowdsp::Omega::Omega> >::~WDFWrapper()
                0x00000000080020bc                chowdsp::wdf::WDFWrapper<float, chowdsp::wdft::DiodePairT<float, chowdsp::wdf::WDF<float>, (chowdsp::wdft::DiodeQuality)1, chowdsp::Omega::Omega> >::~WDFWrapper()
 .text._ZN7chowdsp3wdf10WDFWrapperIfNS_4wdft23ResistiveCurrentSourceTIfEEED2Ev
                0x00000000080020e0       0x24 build/TSClipping.o
                0x00000000080020e0                chowdsp::wdf::WDFWrapper<float, chowdsp::wdft::ResistiveCurrentSourceT<float> >::~WDFWrapper()
                0x00000000080020e0                chowdsp::wdf::WDFWrapper<float, chowdsp::wdft::ResistiveCurrentSourceT<float> >::~WDFWrapper()
 .text._ZN7chowdsp3wdf9DiodePairIfLNS_4wdft12DiodeQualityE1EED2Ev
                0x0000000008002104       0x24 build/TSClipping.o
                0x0000000008002104                chowdsp::wdf::DiodePair<float, (chowdsp::wdft::DiodeQuality)1>::~DiodePair()
                0x0000000008002104                chowdsp::wdf::DiodePair<float, (chowdsp::wdft::DiodeQuality)1>::~DiodePair()
 .text._ZN7chowdsp3wdf18IdealVoltageSourceIfED2Ev
                0x0000000008002128       0x24 build/TSClipping.o
                0x0000000008002128                chowdsp::wdf::IdealVoltageSource<float>::~IdealVoltageSource()
                0x0000000008002128                chowdsp::wdf::IdealVoltageSource<float>::~IdealVoltageSource()
 .text._ZN7chowdsp3wdf11WDFParallelIfED2Ev
                0x000000000800214c       0x24 build/TSClipping.o
                0x000000000800214c                chowdsp::wdf::WDFParallel<float>::~WDFParallel()
                0x000000000800214c                chowdsp::wdf::WDFParallel<float>::~WDFParallel()
 .text._ZN7chowdsp3wdf22ResistiveCurrentSourceIfED2Ev
                0x0000000008002170       0x24 build/TSClipping.o
                0x0000000008002170                chowdsp::wdf::ResistiveCurrentSource<float>::~ResistiveCurrentSource()
                0x0000000008002170                chowdsp::wdf::ResistiveCurrentSource<float>::~ResistiveCurrentSource()
 .text._ZN7chowdsp3wdf14WDFRootWrapperIfNS_4wdft10DiodePairTIfNS0_3WDFIfEELNS2_12DiodeQualityE1ENS_5Omega5OmegaEEEED2Ev
                0x0000000008002194       0x24 build/TSClipping.o
                0x0000000008002194                chowdsp::wdf::WDFRootWrapper<float, chowdsp::wdft::DiodePairT<float, chowdsp::wdf::WDF<float>, (chowdsp::wdft::DiodeQuality)1, chowdsp::Omega::Omega> >::~WDFRootWrapper()
                0x0000000008002194                chowdsp::wdf::WDFRootWrapper<float, chowdsp::wdft::DiodePairT<float, chowdsp::wdf::WDF<float>, (chowdsp::wdft::DiodeQuality)1, chowdsp::Omega::Omega> >::~WDFRootWrapper()
 .text._ZN7chowdsp3wdf10WDFWrapperIfNS_4wdft10DiodePairTIfNS0_3WDFIfEELNS2_12DiodeQualityE1ENS_5Omega5OmegaEEEED0Ev
                0x00000000080021b8       0x2c build/TSClipping.o
                0x00000000080021b8                chowdsp::wdf::WDFWrapper<float, chowdsp::wdft::DiodePairT<float, chowdsp::wdf::WDF<float>, (chowdsp::wdft::DiodeQuality)1, chowdsp::Omega::Omega> >::~WDFWrapper()
 .text._ZN7chowdsp3wdf10WDFWrapperIfNS_4wdft23ResistiveCurrentSourceTIfEEED0Ev
                0x00000000080021e4       0x2c build/TSClipping.o
                0x00000000080021e4                chowdsp::wdf::WDFWrapper<float, chowdsp::wdft::ResistiveCurrentSourceT<float> >::~WDFWrapper()
 .text._ZN7chowdsp3wdf9DiodePairIfLNS_4wdft12DiodeQualityE1EED0Ev
                0x0000000008002210       0x2c build/TSClipping.o
                0x0000000008002210                chowdsp::wdf::DiodePair<float, (chowdsp::wdft::DiodeQuality)1>::~DiodePair()
 .text._ZN7chowdsp3wdf14WDFRootWrapperIfNS_4wdft10DiodePairTIfNS0_3WDFIfEELNS2_12DiodeQualityE1ENS_5Omega5OmegaEEEED0Ev
                0x000000000800223c       0x2c build/TSClipping.o
                0x000000000800223c                chowdsp::wdf::WDFRootWrapper<float, chowdsp::wdft::DiodePairT<float, chowdsp::wdf::WDF<float>, (chowdsp::wdft::DiodeQuality)1, chowdsp::Omega::Omega> >::~WDFRootWrapper()
 .text._ZN7chowdsp3wdf18IdealVoltageSourceIfED0Ev
                0x0000000008002268       0x2c build/TSClipping.o
                0x0000000008002268                chowdsp::wdf::IdealVoltageSource<float>::~IdealVoltageSource()
 .text._ZN7chowdsp3wdf11WDFParallelIfED0Ev
                0x0000000008002294       0x2c build/TSClipping.o
                0x0000000008002294                chowdsp::wdf::WDFParallel<float>::~WDFParallel()
 .text._ZN7chowdsp3wdf22ResistiveCurrentSourceIfED0Ev
                0x00000000080022c0       0x2c build/TSClipping.o
                0x00000000080022c0                chowdsp::wdf::ResistiveCurrentSource<float>::~ResistiveCurrentSource()
 .text._ZN8ClipWDFcC2Ev
                0x00000000080022ec      0x444 build/TSClipping.o
                0x00000000080022ec                ClipWDFc::ClipWDFc()
                0x00000000080022ec                ClipWDFc::ClipWDFc()
 .text._ZN13ClippingStage8setDriveEf
                0x0000000008002730       0x9c build/TSClipping.o
                0x0000000008002730                ClippingStage::setDrive(float)
 .text._ZN13ClippingStage7prepareEf
                0x00000000080027cc      0x1bc build/TSClipping.o
                0x00000000080027cc                ClippingStage::prepare(float)
 .text._ZN7chowdsp3wdf8ResistorIfEC2Ef
                0x0000000008002988       0xb0 build/TSClipping.o
                0x0000000008002988                chowdsp::wdf::Resistor<float>::Resistor(float)
                0x0000000008002988                chowdsp::wdf::Resistor<float>::Resistor(float)
 .text._ZN7chowdsp3wdf9WDFSeriesIfEC2EPNS0_3WDFIfEES5_
                0x0000000008002a38       0xe4 build/TSClipping.o
                0x0000000008002a38                chowdsp::wdf::WDFSeries<float>::WDFSeries(chowdsp::wdf::WDF<float>*, chowdsp::wdf::WDF<float>*)
                0x0000000008002a38                chowdsp::wdf::WDFSeries<float>::WDFSeries(chowdsp::wdf::WDF<float>*, chowdsp::wdf::WDF<float>*)
 .text._ZN13ClippingStageC2Ev
                0x0000000008002b1c      0x354 build/TSClipping.o
                0x0000000008002b1c                ClippingStage::ClippingStage()
                0x0000000008002b1c                ClippingStage::ClippingStage()
 .text._ZN7chowdsp4wdft10DiodePairTIfNS_3wdf3WDFIfEELNS0_12DiodeQualityE1ENS_5Omega5OmegaEE17reflectedInternalIfLS5_1EEENSt9enable_ifIXeqT0_LS5_1EEvE4typeEv
                0x0000000008002e70      0x33c build/TSClipping.o
                0x0000000008002e70                std::enable_if<((chowdsp::wdft::DiodeQuality)1)==((chowdsp::wdft::DiodeQuality)1), void>::type chowdsp::wdft::DiodePairT<float, chowdsp::wdf::WDF<float>, (chowdsp::wdft::DiodeQuality)1, chowdsp::Omega::Omega>::reflectedInternal<float, (chowdsp::wdft::DiodeQuality)1>()
 .text._ZN13ClippingStage13processSampleEff
                0x00000000080031ac      0x2b0 build/TSClipping.o
                0x00000000080031ac                ClippingStage::processSample(float, float)
 .text.HAL_MspInit
                0x000000000800345c        0x4 ../../libDaisy/build/libdaisy.a(stm32h7xx_hal.o)
                0x000000000800345c                HAL_MspInit
 .text.HAL_InitTick
                0x0000000008003460       0x4c ../../libDaisy/build/libdaisy.a(stm32h7xx_hal.o)
                0x0000000008003460                HAL_InitTick
 .text.HAL_Init
                0x00000000080034ac       0x60 ../../libDaisy/build/libdaisy.a(stm32h7xx_hal.o)
                0x00000000080034ac                HAL_Init
 .text.HAL_IncTick
                0x000000000800350c       0x18 ../../libDaisy/build/libdaisy.a(stm32h7xx_hal.o)
                0x000000000800350c                HAL_IncTick
 .text.HAL_GetTick
                0x0000000008003524        0xc ../../libDaisy/build/libdaisy.a(stm32h7xx_hal.o)
                0x0000000008003524                HAL_GetTick
 .text.HAL_Delay
                0x0000000008003530       0x24 ../../libDaisy/build/libdaisy.a(stm32h7xx_hal.o)
                0x0000000008003530                HAL_Delay
 .text.HAL_GetREVID
                0x0000000008003554        0xc ../../libDaisy/build/libdaisy.a(stm32h7xx_hal.o)
                0x0000000008003554                HAL_GetREVID
 .text.HAL_NVIC_SetPriorityGrouping
                0x0000000008003560       0x24 ../../libDaisy/build/libdaisy.a(stm32h7xx_hal_cortex.o)
                0x0000000008003560                HAL_NVIC_SetPriorityGrouping
 .text.HAL_NVIC_SetPriority
                0x0000000008003584       0x7c ../../libDaisy/build/libdaisy.a(stm32h7xx_hal_cortex.o)
                0x0000000008003584                HAL_NVIC_SetPriority
 .text.HAL_NVIC_EnableIRQ
                0x0000000008003600       0x1c ../../libDaisy/build/libdaisy.a(stm32h7xx_hal_cortex.o)
                0x0000000008003600                HAL_NVIC_EnableIRQ
 .text.HAL_NVIC_DisableIRQ
                0x000000000800361c       0x28 ../../libDaisy/build/libdaisy.a(stm32h7xx_hal_cortex.o)
                0x000000000800361c                HAL_NVIC_DisableIRQ
 .text.HAL_SYSTICK_Config
                0x0000000008003644       0x2c ../../libDaisy/build/libdaisy.a(stm32h7xx_hal_cortex.o)
                0x0000000008003644                HAL_SYSTICK_Config
 .text.HAL_MPU_Disable
                0x0000000008003670       0x1c ../../libDaisy/build/libdaisy.a(stm32h7xx_hal_cortex.o)
                0x0000000008003670                HAL_MPU_Disable
 .text.HAL_MPU_Enable
                0x000000000800368c       0x20 ../../libDaisy/build/libdaisy.a(stm32h7xx_hal_cortex.o)
                0x000000000800368c                HAL_MPU_Enable
 .text.HAL_MPU_ConfigRegion
                0x00000000080036ac       0x64 ../../libDaisy/build/libdaisy.a(stm32h7xx_hal_cortex.o)
                0x00000000080036ac                HAL_MPU_ConfigRegion
 .text.HAL_SYSTICK_Callback
                0x0000000008003710        0x4 ../../libDaisy/build/libdaisy.a(stm32h7xx_hal_cortex.o)
                0x0000000008003710                HAL_SYSTICK_Callback
 .text.HAL_SYSTICK_IRQHandler
                0x0000000008003714        0x8 ../../libDaisy/build/libdaisy.a(stm32h7xx_hal_cortex.o)
                0x0000000008003714                HAL_SYSTICK_IRQHandler
 .text.HAL_RCC_OscConfig
                0x000000000800371c      0x51c ../../libDaisy/build/libdaisy.a(stm32h7xx_hal_rcc.o)
                0x000000000800371c                HAL_RCC_OscConfig
 .text.HAL_RCC_GetSysClockFreq
                0x0000000008003c38      0x140 ../../libDaisy/build/libdaisy.a(stm32h7xx_hal_rcc.o)
                0x0000000008003c38                HAL_RCC_GetSysClockFreq
 .text.HAL_RCC_ClockConfig
                0x0000000008003d78      0x234 ../../libDaisy/build/libdaisy.a(stm32h7xx_hal_rcc.o)
                0x0000000008003d78                HAL_RCC_ClockConfig
 .text.HAL_RCC_GetHCLKFreq
                0x0000000008003fac       0x2c ../../libDaisy/build/libdaisy.a(stm32h7xx_hal_rcc.o)
                0x0000000008003fac                HAL_RCC_GetHCLKFreq
 .text.HAL_RCC_GetPCLK1Freq
                0x0000000008003fd8       0x38 ../../libDaisy/build/libdaisy.a(stm32h7xx_hal_rcc.o)
                0x0000000008003fd8                HAL_RCC_GetPCLK1Freq
 .text.HAL_RCC_GetPCLK2Freq
                0x0000000008004010       0x38 ../../libDaisy/build/libdaisy.a(stm32h7xx_hal_rcc.o)
                0x0000000008004010                HAL_RCC_GetPCLK2Freq
 .text.RCCEx_PLL2_Config
                0x0000000008004048       0xf4 ../../libDaisy/build/libdaisy.a(stm32h7xx_hal_rcc_ex.o)
 .text.RCCEx_PLL3_Config
                0x000000000800413c       0xf4 ../../libDaisy/build/libdaisy.a(stm32h7xx_hal_rcc_ex.o)
 .text.HAL_RCCEx_PeriphCLKConfig
                0x0000000008004230      0xa7c ../../libDaisy/build/libdaisy.a(stm32h7xx_hal_rcc_ex.o)
                0x0000000008004230                HAL_RCCEx_PeriphCLKConfig
 .text.HAL_RCCEx_GetD3PCLK1Freq
                0x0000000008004cac       0x24 ../../libDaisy/build/libdaisy.a(stm32h7xx_hal_rcc_ex.o)
                0x0000000008004cac                HAL_RCCEx_GetD3PCLK1Freq
 .text.HAL_RCCEx_GetPLL2ClockFreq
                0x0000000008004cd0      0x17c ../../libDaisy/build/libdaisy.a(stm32h7xx_hal_rcc_ex.o)
                0x0000000008004cd0                HAL_RCCEx_GetPLL2ClockFreq
 .text.HAL_RCCEx_GetPLL3ClockFreq
                0x0000000008004e4c      0x17c ../../libDaisy/build/libdaisy.a(stm32h7xx_hal_rcc_ex.o)
                0x0000000008004e4c                HAL_RCCEx_GetPLL3ClockFreq
 .text.HAL_RCCEx_GetPLL1ClockFreq
                0x0000000008004fc8      0x17c ../../libDaisy/build/libdaisy.a(stm32h7xx_hal_rcc_ex.o)
                0x0000000008004fc8                HAL_RCCEx_GetPLL1ClockFreq
 .text.HAL_RCCEx_GetPeriphCLKFreq
                0x0000000008005144      0x198 ../../libDaisy/build/libdaisy.a(stm32h7xx_hal_rcc_ex.o)
                0x0000000008005144                HAL_RCCEx_GetPeriphCLKFreq
 .text.HAL_RCCEx_GetD1SysClockFreq
                0x00000000080052dc       0x2c ../../libDaisy/build/libdaisy.a(stm32h7xx_hal_rcc_ex.o)
                0x00000000080052dc                HAL_RCCEx_GetD1SysClockFreq
 .text._ZN5daisy9DaisySeed7DelayMsEj
                0x0000000008005308        0x8 ../../libDaisy/build/libdaisy.a(daisy_seed.o)
                0x0000000008005308                daisy::DaisySeed::DelayMs(unsigned int)
 .text._ZN5daisy9DaisySeed10StartAudioEPFvPKfPfjE
                0x0000000008005310        0x8 ../../libDaisy/build/libdaisy.a(daisy_seed.o)
                0x0000000008005310                daisy::DaisySeed::StartAudio(void (*)(float const*, float*, unsigned int))
 .text._ZN5daisy9DaisySeed15AudioSampleRateEv
                0x0000000008005318        0x8 ../../libDaisy/build/libdaisy.a(daisy_seed.o)
                0x0000000008005318                daisy::DaisySeed::AudioSampleRate()
 .text._ZN5daisy9DaisySeed17SetAudioBlockSizeEj
                0x0000000008005320       0x38 ../../libDaisy/build/libdaisy.a(daisy_seed.o)
                0x0000000008005320                daisy::DaisySeed::SetAudioBlockSize(unsigned int)
 .text._ZN5daisy9DaisySeed14AudioBlockSizeEv
                0x0000000008005358        0xc ../../libDaisy/build/libdaisy.a(daisy_seed.o)
                0x0000000008005358                daisy::DaisySeed::AudioBlockSize()
 .text._ZN5daisy9DaisySeed6SetLedEb
                0x0000000008005364        0x8 ../../libDaisy/build/libdaisy.a(daisy_seed.o)
                0x0000000008005364                daisy::DaisySeed::SetLed(bool)
 .text._ZN5daisy9DaisySeed17CheckBoardVersionEv
                0x000000000800536c       0x6c ../../libDaisy/build/libdaisy.a(daisy_seed.o)
                0x000000000800536c                daisy::DaisySeed::CheckBoardVersion()
 .text._ZN5daisy9DaisySeed14ConfigureAudioEv
                0x00000000080053d8      0x10c ../../libDaisy/build/libdaisy.a(daisy_seed.o)
                0x00000000080053d8                daisy::DaisySeed::ConfigureAudio()
 .text._ZN5daisy9DaisySeed4InitEb
                0x00000000080054e4      0x108 ../../libDaisy/build/libdaisy.a(daisy_seed.o)
                0x00000000080054e4                daisy::DaisySeed::Init(bool)
 .text._ZN5daisy6Ak45564InitE12dsy_gpio_pin
                0x00000000080055ec       0x44 ../../libDaisy/build/libdaisy.a(codec_ak4556.o)
                0x00000000080055ec                daisy::Ak4556::Init(dsy_gpio_pin)
 .text._ZN5daisy6Wm873120WriteControlRegisterEht
                0x0000000008005630       0x3c ../../libDaisy/build/libdaisy.a(codec_wm8731.o)
                0x0000000008005630                daisy::Wm8731::WriteControlRegister(unsigned char, unsigned short)
 .text._ZN5daisy6Wm87314InitERKNS0_6ConfigENS_9I2CHandleE
                0x000000000800566c      0x1bc ../../libDaisy/build/libdaisy.a(codec_wm8731.o)
                0x000000000800566c                daisy::Wm8731::Init(daisy::Wm8731::Config const&, daisy::I2CHandle)
 .text._ZN11SdramHandle10DeviceInitEv
                0x0000000008005828       0x98 ../../libDaisy/build/libdaisy.a(sdram.o)
                0x0000000008005828                SdramHandle::DeviceInit()
 .text._ZN11SdramHandle4InitEv
                0x00000000080058c0       0x7c ../../libDaisy/build/libdaisy.a(sdram.o)
                0x00000000080058c0                SdramHandle::Init()
 .text.HAL_SDRAM_MspInit
                0x000000000800593c      0x1a8 ../../libDaisy/build/libdaisy.a(sdram.o)
                0x000000000800593c                HAL_SDRAM_MspInit
 .text._ZN5daisy11AudioHandle4Impl16InternalCallbackEPlS2_j
                0x0000000008005ae4      0xbbc ../../libDaisy/build/libdaisy.a(audio.o)
                0x0000000008005ae4                daisy::AudioHandle::Impl::InternalCallback(long*, long*, unsigned int)
 .text._ZN5daisy11AudioHandle4InitERKNS0_6ConfigENS_9SaiHandleE
                0x00000000080066a0       0x70 ../../libDaisy/build/libdaisy.a(audio.o)
                0x00000000080066a0                daisy::AudioHandle::Init(daisy::AudioHandle::Config const&, daisy::SaiHandle)
 .text._ZNK5daisy11AudioHandle9GetConfigEv
                0x0000000008006710        0x8 ../../libDaisy/build/libdaisy.a(audio.o)
                0x0000000008006710                daisy::AudioHandle::GetConfig() const
 .text._ZN5daisy11AudioHandle12SetBlockSizeEj
                0x0000000008006718       0x1c ../../libDaisy/build/libdaisy.a(audio.o)
                0x0000000008006718                daisy::AudioHandle::SetBlockSize(unsigned int)
 .text._ZN5daisy11AudioHandle13GetSampleRateEv
                0x0000000008006734        0x8 ../../libDaisy/build/libdaisy.a(audio.o)
                0x0000000008006734                daisy::AudioHandle::GetSampleRate()
 .text._ZN5daisy11AudioHandle5StartEPFvPKfPfjE
                0x000000000800673c       0x2c ../../libDaisy/build/libdaisy.a(audio.o)
                0x000000000800673c                daisy::AudioHandle::Start(void (*)(float const*, float*, unsigned int))
 .text.startup._GLOBAL__sub_I__ZN5daisy11AudioHandle4Impl4InitENS0_6ConfigENS_9SaiHandleE
                0x0000000008006768       0x24 ../../libDaisy/build/libdaisy.a(audio.o)
 .text._ZN5daisy13AnalogControl4InitEPtfbbf
                0x000000000800678c       0x64 ../../libDaisy/build/libdaisy.a(ctrl.o)
                0x000000000800678c                daisy::AnalogControl::Init(unsigned short*, float, bool, bool, float)
 .text._ZN5daisy13AnalogControl7ProcessEv
                0x00000000080067f0       0x48 ../../libDaisy/build/libdaisy.a(ctrl.o)
                0x00000000080067f0                daisy::AnalogControl::Process()
 .text._ZN5daisy6Switch4InitE12dsy_gpio_pinf
                0x0000000008006838       0x34 ../../libDaisy/build/libdaisy.a(switch.o)
                0x0000000008006838                daisy::Switch::Init(dsy_gpio_pin, float)
 .text._ZN5daisy6Switch8DebounceEv
                0x000000000800686c       0x5c ../../libDaisy/build/libdaisy.a(switch.o)
                0x000000000800686c                daisy::Switch::Debounce()
 .text._ZN5daisy16AdcChannelConfig10InitSingleE12dsy_gpio_pinNS0_15ConversionSpeedE
                0x00000000080068c8       0x28 ../../libDaisy/build/libdaisy.a(adc.o)
                0x00000000080068c8                daisy::AdcChannelConfig::InitSingle(dsy_gpio_pin, daisy::AdcChannelConfig::ConversionSpeed)
 .text._ZN5daisy9AdcHandle4InitEPNS_16AdcChannelConfigEjNS0_12OverSamplingE
                0x00000000080068f0      0x41c ../../libDaisy/build/libdaisy.a(adc.o)
                0x00000000080068f0                daisy::AdcHandle::Init(daisy::AdcChannelConfig*, unsigned int, daisy::AdcHandle::OverSampling)
 .text._ZN5daisy9AdcHandle5StartEv
                0x0000000008006d0c       0x2c ../../libDaisy/build/libdaisy.a(adc.o)
                0x0000000008006d0c                daisy::AdcHandle::Start()
 .text._ZNK5daisy9AdcHandle6GetPtrEh
                0x0000000008006d38       0x14 ../../libDaisy/build/libdaisy.a(adc.o)
                0x0000000008006d38                daisy::AdcHandle::GetPtr(unsigned char) const
 .text.HAL_ADC_MspInit
                0x0000000008006d4c       0x98 ../../libDaisy/build/libdaisy.a(adc.o)
                0x0000000008006d4c                HAL_ADC_MspInit
 .text.DMA1_Stream2_IRQHandler
                0x0000000008006de4        0xc ../../libDaisy/build/libdaisy.a(adc.o)
                0x0000000008006de4                DMA1_Stream2_IRQHandler
 .text.HAL_ADC_ConvCpltCallback
                0x0000000008006df0      0x148 ../../libDaisy/build/libdaisy.a(adc.o)
                0x0000000008006df0                HAL_ADC_ConvCpltCallback
 .text.HAL_ADC_ErrorCallback
                0x0000000008006f38        0x4 ../../libDaisy/build/libdaisy.a(adc.o)
                0x0000000008006f38                HAL_ADC_ErrorCallback
 .text._ZN5daisy4GPIO4InitENS_3PinENS0_4ModeENS0_4PullENS0_5SpeedE
                0x0000000008006f3c      0x1cc ../../libDaisy/build/libdaisy.a(gpio.o)
                0x0000000008006f3c                daisy::GPIO::Init(daisy::Pin, daisy::GPIO::Mode, daisy::GPIO::Pull, daisy::GPIO::Speed)
 .text._ZN5daisy4GPIO4ReadEv
                0x0000000008007108       0x18 ../../libDaisy/build/libdaisy.a(gpio.o)
                0x0000000008007108                daisy::GPIO::Read()
 .text._ZN5daisy4GPIO5WriteEb
                0x0000000008007120       0x14 ../../libDaisy/build/libdaisy.a(gpio.o)
                0x0000000008007120                daisy::GPIO::Write(bool)
 .text.dsy_gpio_init
                0x0000000008007134      0x1b8 ../../libDaisy/build/libdaisy.a(gpio.o)
                0x0000000008007134                dsy_gpio_init
 .text.dsy_gpio_read
                0x00000000080072ec       0x1c ../../libDaisy/build/libdaisy.a(gpio.o)
                0x00000000080072ec                dsy_gpio_read
 .text.dsy_gpio_write
                0x0000000008007308       0x24 ../../libDaisy/build/libdaisy.a(gpio.o)
                0x0000000008007308                dsy_gpio_write
 .text._ZN5daisy9I2CHandle4Impl8InitPinsEv
                0x000000000800732c       0x58 ../../libDaisy/build/libdaisy.a(i2c.o)
                0x000000000800732c                daisy::I2CHandle::Impl::InitPins()
 .text.HAL_I2C_MspInit
                0x0000000008007384      0x1b4 ../../libDaisy/build/libdaisy.a(i2c.o)
                0x0000000008007384                HAL_I2C_MspInit
 .text.dsy_i2c_global_init
                0x0000000008007538       0x78 ../../libDaisy/build/libdaisy.a(i2c.o)
                0x0000000008007538                dsy_i2c_global_init
 .text.DMA1_Stream6_IRQHandler
                0x00000000080075b0       0x34 ../../libDaisy/build/libdaisy.a(i2c.o)
                0x00000000080075b0                DMA1_Stream6_IRQHandler
 .text.I2C1_EV_IRQHandler
                0x00000000080075e4        0xc ../../libDaisy/build/libdaisy.a(i2c.o)
                0x00000000080075e4                I2C1_EV_IRQHandler
 .text.I2C2_EV_IRQHandler
                0x00000000080075f0        0xc ../../libDaisy/build/libdaisy.a(i2c.o)
                0x00000000080075f0                I2C2_EV_IRQHandler
 .text.I2C3_EV_IRQHandler
                0x00000000080075fc        0xc ../../libDaisy/build/libdaisy.a(i2c.o)
                0x00000000080075fc                I2C3_EV_IRQHandler
 .text._ZN5daisy9I2CHandle4InitERKNS0_6ConfigE
                0x0000000008007608      0x12c ../../libDaisy/build/libdaisy.a(i2c.o)
                0x0000000008007608                daisy::I2CHandle::Init(daisy::I2CHandle::Config const&)
 .text._ZN5daisy9I2CHandle16TransmitBlockingEtPhtm
                0x0000000008007734       0x50 ../../libDaisy/build/libdaisy.a(i2c.o)
                0x0000000008007734                daisy::I2CHandle::TransmitBlocking(unsigned short, unsigned char*, unsigned short, unsigned long)
 .text.startup._GLOBAL__sub_I__ZN5daisy9I2CHandle4Impl10GlobalInitEv
                0x0000000008007784       0x18 ../../libDaisy/build/libdaisy.a(i2c.o)
 .text._ZN5daisy10QSPIHandle4Impl11WriteEnableEv
                0x000000000800779c       0x8c ../../libDaisy/build/libdaisy.a(qspi.o)
                0x000000000800779c                daisy::QSPIHandle::Impl::WriteEnable()
 .text._ZN5daisy10QSPIHandle4Impl17DummyCyclesConfigENS0_6Config6DeviceE
                0x0000000008007828      0x118 ../../libDaisy/build/libdaisy.a(qspi.o)
                0x0000000008007828                daisy::QSPIHandle::Impl::DummyCyclesConfig(daisy::QSPIHandle::Config::Device)
 .text._ZN5daisy10QSPIHandle4Impl10QuadEnableEv
                0x0000000008007940      0x158 ../../libDaisy/build/libdaisy.a(qspi.o)
                0x0000000008007940                daisy::QSPIHandle::Impl::QuadEnable()
 .text._ZN5daisy10QSPIHandle4InitERKNS0_6ConfigE
                0x0000000008007a98      0x198 ../../libDaisy/build/libdaisy.a(qspi.o)
                0x0000000008007a98                daisy::QSPIHandle::Init(daisy::QSPIHandle::Config const&)
 .text.HAL_QSPI_MspInit
                0x0000000008007c30      0x11c ../../libDaisy/build/libdaisy.a(qspi.o)
                0x0000000008007c30                HAL_QSPI_MspInit
 .text.HAL_QSPI_MspDeInit
                0x0000000008007d4c       0x54 ../../libDaisy/build/libdaisy.a(qspi.o)
                0x0000000008007d4c                HAL_QSPI_MspDeInit
 .text.QUADSPI_IRQHandler
                0x0000000008007da0        0xc ../../libDaisy/build/libdaisy.a(qspi.o)
                0x0000000008007da0                QUADSPI_IRQHandler
 .text.startup._GLOBAL__sub_I__ZN5daisy10QSPIHandle4Impl4InitERKNS0_6ConfigE
                0x0000000008007dac       0x28 ../../libDaisy/build/libdaisy.a(qspi.o)
 .text._ZN5daisy9SaiHandle4Impl7InitDmaENS1_15PeripheralBlockE
                0x0000000008007dd4       0xa0 ../../libDaisy/build/libdaisy.a(sai.o)
                0x0000000008007dd4                daisy::SaiHandle::Impl::InitDma(daisy::SaiHandle::Impl::PeripheralBlock)
 .text._ZN5daisy9SaiHandle4Impl8InitPinsEv
                0x0000000008007e74       0xa8 ../../libDaisy/build/libdaisy.a(sai.o)
                0x0000000008007e74                daisy::SaiHandle::Impl::InitPins()
 .text.HAL_SAI_MspInit
                0x0000000008007f1c      0x164 ../../libDaisy/build/libdaisy.a(sai.o)
                0x0000000008007f1c                HAL_SAI_MspInit
 .text.DMA1_Stream0_IRQHandler
                0x0000000008008080        0xc ../../libDaisy/build/libdaisy.a(sai.o)
                0x0000000008008080                DMA1_Stream0_IRQHandler
 .text.DMA1_Stream1_IRQHandler
                0x000000000800808c        0xc ../../libDaisy/build/libdaisy.a(sai.o)
                0x000000000800808c                DMA1_Stream1_IRQHandler
 .text.DMA1_Stream3_IRQHandler
                0x0000000008008098        0xc ../../libDaisy/build/libdaisy.a(sai.o)
                0x0000000008008098                DMA1_Stream3_IRQHandler
 .text.DMA1_Stream4_IRQHandler
                0x00000000080080a4        0xc ../../libDaisy/build/libdaisy.a(sai.o)
                0x00000000080080a4                DMA1_Stream4_IRQHandler
 .text.HAL_SAI_RxHalfCpltCallback
                0x00000000080080b0       0x78 ../../libDaisy/build/libdaisy.a(sai.o)
                0x00000000080080b0                HAL_SAI_RxHalfCpltCallback
 .text.HAL_SAI_RxCpltCallback
                0x0000000008008128       0x70 ../../libDaisy/build/libdaisy.a(sai.o)
                0x0000000008008128                HAL_SAI_RxCpltCallback
 .text._ZN5daisy9SaiHandle4InitERKNS0_6ConfigE
                0x0000000008008198      0x1f0 ../../libDaisy/build/libdaisy.a(sai.o)
                0x0000000008008198                daisy::SaiHandle::Init(daisy::SaiHandle::Config const&)
 .text._ZNK5daisy9SaiHandle9GetConfigEv
                0x0000000008008388        0x4 ../../libDaisy/build/libdaisy.a(sai.o)
                0x0000000008008388                daisy::SaiHandle::GetConfig() const
 .text._ZN5daisy9SaiHandle8StartDmaEPlS1_jPFvS1_S1_jE
                0x000000000800838c       0xbc ../../libDaisy/build/libdaisy.a(sai.o)
                0x000000000800838c                daisy::SaiHandle::StartDma(long*, long*, unsigned int, void (*)(long*, long*, unsigned int))
 .text._ZN5daisy9SaiHandle13GetSampleRateEv
                0x0000000008008448       0x24 ../../libDaisy/build/libdaisy.a(sai.o)
                0x0000000008008448                daisy::SaiHandle::GetSampleRate()
 .text._ZNK5daisy9SaiHandle9GetOffsetEv
                0x000000000800846c        0x8 ../../libDaisy/build/libdaisy.a(sai.o)
                0x000000000800846c                daisy::SaiHandle::GetOffset() const
 .text._ZN5daisy11TimerHandleD2Ev
                0x0000000008008474        0x4 ../../libDaisy/build/libdaisy.a(system.o)
                0x0000000008008474                daisy::TimerHandle::~TimerHandle()
                0x0000000008008474                daisy::TimerHandle::~TimerHandle()
 .text.SysTick_Handler
                0x0000000008008478       0x10 ../../libDaisy/build/libdaisy.a(system.o)
                0x0000000008008478                SysTick_Handler
 .text.OTG_HS_EP1_OUT_IRQHandler
                0x0000000008008488       0x24 ../../libDaisy/build/libdaisy.a(system.o)
                0x0000000008008488                OTG_HS_EP1_OUT_IRQHandler
 .text.OTG_HS_EP1_IN_IRQHandler
                0x00000000080084ac       0x24 ../../libDaisy/build/libdaisy.a(system.o)
                0x00000000080084ac                OTG_HS_EP1_IN_IRQHandler
 .text.OTG_HS_IRQHandler
                0x00000000080084d0       0x24 ../../libDaisy/build/libdaisy.a(system.o)
                0x00000000080084d0                OTG_HS_IRQHandler
 .text.HardFault_Handler
                0x00000000080084f4       0xe0 ../../libDaisy/build/libdaisy.a(system.o)
                0x00000000080084f4                HardFault_Handler
 .text._ZN5daisy6System6GetNowEv
                0x00000000080085d4        0x4 ../../libDaisy/build/libdaisy.a(system.o)
                0x00000000080085d4                daisy::System::GetNow()
 .text._ZN5daisy6System5DelayEm
                0x00000000080085d8        0x4 ../../libDaisy/build/libdaisy.a(system.o)
                0x00000000080085d8                daisy::System::Delay(unsigned long)
 .text._ZN5daisy6System20GetBootloaderVersionEv
                0x00000000080085dc       0x34 ../../libDaisy/build/libdaisy.a(system.o)
                0x00000000080085dc                daisy::System::GetBootloaderVersion()
 .text._ZN5daisy6System15ConfigureClocksEv
                0x0000000008008610      0x194 ../../libDaisy/build/libdaisy.a(system.o)
                0x0000000008008610                daisy::System::ConfigureClocks()
 .text._ZN5daisy6System12ConfigureMpuEv
                0x00000000080087a4       0x7c ../../libDaisy/build/libdaisy.a(system.o)
                0x00000000080087a4                daisy::System::ConfigureMpu()
 .text._ZN5daisy6System4InitERKNS0_6ConfigE
                0x0000000008008820       0xec ../../libDaisy/build/libdaisy.a(system.o)
                0x0000000008008820                daisy::System::Init(daisy::System::Config const&)
 .text._ZN5daisy6System12GetPClk1FreqEv
                0x000000000800890c        0x4 ../../libDaisy/build/libdaisy.a(system.o)
                0x000000000800890c                daisy::System::GetPClk1Freq()
 .text._ZN5daisy6System22GetProgramMemoryRegionEv
                0x0000000008008910       0x78 ../../libDaisy/build/libdaisy.a(system.o)
                0x0000000008008910                daisy::System::GetProgramMemoryRegion()
 .text.startup._GLOBAL__sub_I__ZN5daisy9boot_infoE
                0x0000000008008988       0x1c ../../libDaisy/build/libdaisy.a(system.o)
 .text.SystemInit
                0x00000000080089a4       0x9c ../../libDaisy/build/libdaisy.a(system_stm32h7xx.o)
                0x00000000080089a4                SystemInit
 .text.HAL_PCD_SetupStageCallback
                0x0000000008008a40        0xc ../../libDaisy/build/libdaisy.a(usbd_conf.o)
                0x0000000008008a40                HAL_PCD_SetupStageCallback
 .text.HAL_PCD_DataOutStageCallback
                0x0000000008008a4c       0x14 ../../libDaisy/build/libdaisy.a(usbd_conf.o)
                0x0000000008008a4c                HAL_PCD_DataOutStageCallback
 .text.HAL_PCD_DataInStageCallback
                0x0000000008008a60       0x14 ../../libDaisy/build/libdaisy.a(usbd_conf.o)
                0x0000000008008a60                HAL_PCD_DataInStageCallback
 .text.HAL_PCD_SOFCallback
                0x0000000008008a74        0x8 ../../libDaisy/build/libdaisy.a(usbd_conf.o)
                0x0000000008008a74                HAL_PCD_SOFCallback
 .text.HAL_PCD_ResetCallback
                0x0000000008008a7c       0x24 ../../libDaisy/build/libdaisy.a(usbd_conf.o)
                0x0000000008008a7c                HAL_PCD_ResetCallback
 .text.HAL_PCD_SuspendCallback
                0x0000000008008aa0       0x30 ../../libDaisy/build/libdaisy.a(usbd_conf.o)
                0x0000000008008aa0                HAL_PCD_SuspendCallback
 .text.HAL_PCD_ResumeCallback
                0x0000000008008ad0        0x8 ../../libDaisy/build/libdaisy.a(usbd_conf.o)
                0x0000000008008ad0                HAL_PCD_ResumeCallback
 .text.HAL_PCD_ISOOUTIncompleteCallback
                0x0000000008008ad8        0x8 ../../libDaisy/build/libdaisy.a(usbd_conf.o)
                0x0000000008008ad8                HAL_PCD_ISOOUTIncompleteCallback
 .text.HAL_PCD_ISOINIncompleteCallback
                0x0000000008008ae0        0x8 ../../libDaisy/build/libdaisy.a(usbd_conf.o)
                0x0000000008008ae0                HAL_PCD_ISOINIncompleteCallback
 .text.HAL_PCD_ConnectCallback
                0x0000000008008ae8        0x8 ../../libDaisy/build/libdaisy.a(usbd_conf.o)
                0x0000000008008ae8                HAL_PCD_ConnectCallback
 .text.HAL_PCD_DisconnectCallback
                0x0000000008008af0        0x8 ../../libDaisy/build/libdaisy.a(usbd_conf.o)
                0x0000000008008af0                HAL_PCD_DisconnectCallback
 .text.USBD_LL_OpenEP
                0x0000000008008af8       0x24 ../../libDaisy/build/libdaisy.a(usbd_conf.o)
                0x0000000008008af8                USBD_LL_OpenEP
 .text.USBD_LL_StallEP
                0x0000000008008b1c       0x1c ../../libDaisy/build/libdaisy.a(usbd_conf.o)
                0x0000000008008b1c                USBD_LL_StallEP
 .text.USBD_LL_ClearStallEP
                0x0000000008008b38       0x1c ../../libDaisy/build/libdaisy.a(usbd_conf.o)
                0x0000000008008b38                USBD_LL_ClearStallEP
 .text.USBD_LL_IsStallEP
                0x0000000008008b54       0x28 ../../libDaisy/build/libdaisy.a(usbd_conf.o)
                0x0000000008008b54                USBD_LL_IsStallEP
 .text.USBD_LL_SetUSBAddress
                0x0000000008008b7c       0x1c ../../libDaisy/build/libdaisy.a(usbd_conf.o)
                0x0000000008008b7c                USBD_LL_SetUSBAddress
 .text.USBD_LL_Transmit
                0x0000000008008b98       0x1c ../../libDaisy/build/libdaisy.a(usbd_conf.o)
                0x0000000008008b98                USBD_LL_Transmit
 .text.USBD_LL_PrepareReceive
                0x0000000008008bb4       0x1c ../../libDaisy/build/libdaisy.a(usbd_conf.o)
                0x0000000008008bb4                USBD_LL_PrepareReceive
 .text.HAL_HCD_SOF_Callback
                0x0000000008008bd0        0x8 ../../libDaisy/build/libdaisy.a(usbh_conf.o)
                0x0000000008008bd0                HAL_HCD_SOF_Callback
 .text.HAL_HCD_Connect_Callback
                0x0000000008008bd8        0x8 ../../libDaisy/build/libdaisy.a(usbh_conf.o)
                0x0000000008008bd8                HAL_HCD_Connect_Callback
 .text.HAL_HCD_Disconnect_Callback
                0x0000000008008be0        0x8 ../../libDaisy/build/libdaisy.a(usbh_conf.o)
                0x0000000008008be0                HAL_HCD_Disconnect_Callback
 .text.HAL_HCD_HC_NotifyURBChange_Callback
                0x0000000008008be8        0x4 ../../libDaisy/build/libdaisy.a(usbh_conf.o)
                0x0000000008008be8                HAL_HCD_HC_NotifyURBChange_Callback
 .text.HAL_HCD_PortEnabled_Callback
                0x0000000008008bec        0x8 ../../libDaisy/build/libdaisy.a(usbh_conf.o)
                0x0000000008008bec                HAL_HCD_PortEnabled_Callback
 .text.HAL_HCD_PortDisabled_Callback
                0x0000000008008bf4        0x8 ../../libDaisy/build/libdaisy.a(usbh_conf.o)
                0x0000000008008bf4                HAL_HCD_PortDisabled_Callback
 .text.USBH_LL_Stop
                0x0000000008008bfc       0x1c ../../libDaisy/build/libdaisy.a(usbh_conf.o)
                0x0000000008008bfc                USBH_LL_Stop
 .text.dsy_hal_map_get_port
                0x0000000008008c18       0x10 ../../libDaisy/build/libdaisy.a(hal_map.o)
                0x0000000008008c18                dsy_hal_map_get_port
 .text.dsy_hal_map_get_pin
                0x0000000008008c28       0x10 ../../libDaisy/build/libdaisy.a(hal_map.o)
                0x0000000008008c28                dsy_hal_map_get_pin
 .text.dsy_hal_map_gpio_clk_enable
                0x0000000008008c38      0x150 ../../libDaisy/build/libdaisy.a(hal_map.o)
                0x0000000008008c38                dsy_hal_map_gpio_clk_enable
 .text.HAL_ADC_ConvHalfCpltCallback
                0x0000000008008d88        0x4 ../../libDaisy/build/libdaisy.a(stm32h7xx_hal_adc.o)
                0x0000000008008d88                HAL_ADC_ConvHalfCpltCallback
 .text.ADC_DMAHalfConvCplt
                0x0000000008008d8c        0xc ../../libDaisy/build/libdaisy.a(stm32h7xx_hal_adc.o)
                0x0000000008008d8c                ADC_DMAHalfConvCplt
 .text.ADC_DMAConvCplt
                0x0000000008008d98       0x6c ../../libDaisy/build/libdaisy.a(stm32h7xx_hal_adc.o)
                0x0000000008008d98                ADC_DMAConvCplt
 .text.ADC_DMAError
                0x0000000008008e04       0x1c ../../libDaisy/build/libdaisy.a(stm32h7xx_hal_adc.o)
                0x0000000008008e04                ADC_DMAError
 .text.HAL_ADC_ConfigChannel
                0x0000000008008e20      0x3fc ../../libDaisy/build/libdaisy.a(stm32h7xx_hal_adc.o)
                0x0000000008008e20                HAL_ADC_ConfigChannel
 .text.ADC_Enable
                0x000000000800921c       0xac ../../libDaisy/build/libdaisy.a(stm32h7xx_hal_adc.o)
                0x000000000800921c                ADC_Enable
 .text.HAL_ADC_Start_DMA
                0x00000000080092c8      0x114 ../../libDaisy/build/libdaisy.a(stm32h7xx_hal_adc.o)
                0x00000000080092c8                HAL_ADC_Start_DMA
 .text.ADC_Disable
                0x00000000080093dc       0x68 ../../libDaisy/build/libdaisy.a(stm32h7xx_hal_adc.o)
                0x00000000080093dc                ADC_Disable
 .text.ADC_ConfigureBoostMode
                0x0000000008009444      0x184 ../../libDaisy/build/libdaisy.a(stm32h7xx_hal_adc.o)
                0x0000000008009444                ADC_ConfigureBoostMode
 .text.HAL_ADC_Init
                0x00000000080095c8      0x218 ../../libDaisy/build/libdaisy.a(stm32h7xx_hal_adc.o)
                0x00000000080095c8                HAL_ADC_Init
 .text.HAL_ADCEx_Calibration_Start
                0x00000000080097e0       0xa4 ../../libDaisy/build/libdaisy.a(stm32h7xx_hal_adc_ex.o)
                0x00000000080097e0                HAL_ADCEx_Calibration_Start
 .text.HAL_ADCEx_MultiModeConfigChannel
                0x0000000008009884       0xc4 ../../libDaisy/build/libdaisy.a(stm32h7xx_hal_adc_ex.o)
                0x0000000008009884                HAL_ADCEx_MultiModeConfigChannel
 .text.DMA_CalcBaseAndBitshift
                0x0000000008009948       0xf4 ../../libDaisy/build/libdaisy.a(stm32h7xx_hal_dma.o)
 .text.DMA_CalcDMAMUXChannelBaseAndMask
                0x0000000008009a3c       0xd8 ../../libDaisy/build/libdaisy.a(stm32h7xx_hal_dma.o)
 .text.HAL_DMA_Init
                0x0000000008009b14      0x37c ../../libDaisy/build/libdaisy.a(stm32h7xx_hal_dma.o)
                0x0000000008009b14                HAL_DMA_Init
 .text.HAL_DMA_Start_IT
                0x0000000008009e90      0x240 ../../libDaisy/build/libdaisy.a(stm32h7xx_hal_dma.o)
                0x0000000008009e90                HAL_DMA_Start_IT
 .text.HAL_DMA_Abort_IT
                0x000000000800a0d0      0x134 ../../libDaisy/build/libdaisy.a(stm32h7xx_hal_dma.o)
                0x000000000800a0d0                HAL_DMA_Abort_IT
 .text.HAL_DMA_IRQHandler
                0x000000000800a204      0x6a0 ../../libDaisy/build/libdaisy.a(stm32h7xx_hal_dma.o)
                0x000000000800a204                HAL_DMA_IRQHandler
 .text.HAL_DMA_GetError
                0x000000000800a8a4        0x4 ../../libDaisy/build/libdaisy.a(stm32h7xx_hal_dma.o)
                0x000000000800a8a4                HAL_DMA_GetError
 .text.HAL_GPIO_Init
                0x000000000800a8a8      0x280 ../../libDaisy/build/libdaisy.a(stm32h7xx_hal_gpio.o)
                0x000000000800a8a8                HAL_GPIO_Init
 .text.HAL_GPIO_DeInit
                0x000000000800ab28      0x190 ../../libDaisy/build/libdaisy.a(stm32h7xx_hal_gpio.o)
                0x000000000800ab28                HAL_GPIO_DeInit
 .text.HAL_GPIO_ReadPin
                0x000000000800acb8        0xc ../../libDaisy/build/libdaisy.a(stm32h7xx_hal_gpio.o)
                0x000000000800acb8                HAL_GPIO_ReadPin
 .text.HAL_GPIO_WritePin
                0x000000000800acc4        0x8 ../../libDaisy/build/libdaisy.a(stm32h7xx_hal_gpio.o)
                0x000000000800acc4                HAL_GPIO_WritePin
 .text.HAL_HCD_IRQHandler
                0x000000000800accc      0x780 ../../libDaisy/build/libdaisy.a(stm32h7xx_hal_hcd.o)
                0x000000000800accc                HAL_HCD_IRQHandler
 .text.HAL_HCD_Stop
                0x000000000800b44c       0x28 ../../libDaisy/build/libdaisy.a(stm32h7xx_hal_hcd.o)
                0x000000000800b44c                HAL_HCD_Stop
 .text.I2C_WaitOnTXISFlagUntilTimeout
                0x000000000800b474       0xb8 ../../libDaisy/build/libdaisy.a(stm32h7xx_hal_i2c.o)
 .text.I2C_WaitOnSTOPFlagUntilTimeout
                0x000000000800b52c       0xac ../../libDaisy/build/libdaisy.a(stm32h7xx_hal_i2c.o)
 .text.HAL_I2C_Init
                0x000000000800b5d8       0xac ../../libDaisy/build/libdaisy.a(stm32h7xx_hal_i2c.o)
                0x000000000800b5d8                HAL_I2C_Init
 .text.HAL_I2C_Master_Transmit
                0x000000000800b684      0x1a8 ../../libDaisy/build/libdaisy.a(stm32h7xx_hal_i2c.o)
                0x000000000800b684                HAL_I2C_Master_Transmit
 .text.HAL_I2C_Slave_Transmit
                0x000000000800b82c      0x1c8 ../../libDaisy/build/libdaisy.a(stm32h7xx_hal_i2c.o)
                0x000000000800b82c                HAL_I2C_Slave_Transmit
 .text.HAL_I2C_EV_IRQHandler
                0x000000000800b9f4       0x10 ../../libDaisy/build/libdaisy.a(stm32h7xx_hal_i2c.o)
                0x000000000800b9f4                HAL_I2C_EV_IRQHandler
 .text.HAL_I2C_GetState
                0x000000000800ba04        0x8 ../../libDaisy/build/libdaisy.a(stm32h7xx_hal_i2c.o)
                0x000000000800ba04                HAL_I2C_GetState
 .text.HAL_I2CEx_ConfigAnalogFilter
                0x000000000800ba0c       0x54 ../../libDaisy/build/libdaisy.a(stm32h7xx_hal_i2c_ex.o)
                0x000000000800ba0c                HAL_I2CEx_ConfigAnalogFilter
 .text.HAL_I2CEx_ConfigDigitalFilter
                0x000000000800ba60       0x58 ../../libDaisy/build/libdaisy.a(stm32h7xx_hal_i2c_ex.o)
                0x000000000800ba60                HAL_I2CEx_ConfigDigitalFilter
 .text.HAL_PCD_IRQHandler
                0x000000000800bab8      0x69c ../../libDaisy/build/libdaisy.a(stm32h7xx_hal_pcd.o)
                0x000000000800bab8                HAL_PCD_IRQHandler
 .text.HAL_PCD_SetAddress
                0x000000000800c154       0x2c ../../libDaisy/build/libdaisy.a(stm32h7xx_hal_pcd.o)
                0x000000000800c154                HAL_PCD_SetAddress
 .text.HAL_PCD_EP_Open
                0x000000000800c180       0x7c ../../libDaisy/build/libdaisy.a(stm32h7xx_hal_pcd.o)
                0x000000000800c180                HAL_PCD_EP_Open
 .text.HAL_PCD_EP_Receive
                0x000000000800c1fc       0x50 ../../libDaisy/build/libdaisy.a(stm32h7xx_hal_pcd.o)
                0x000000000800c1fc                HAL_PCD_EP_Receive
 .text.HAL_PCD_EP_Transmit
                0x000000000800c24c       0x50 ../../libDaisy/build/libdaisy.a(stm32h7xx_hal_pcd.o)
                0x000000000800c24c                HAL_PCD_EP_Transmit
 .text.HAL_PCD_EP_SetStall
                0x000000000800c29c       0x88 ../../libDaisy/build/libdaisy.a(stm32h7xx_hal_pcd.o)
                0x000000000800c29c                HAL_PCD_EP_SetStall
 .text.HAL_PCD_EP_ClrStall
                0x000000000800c324       0x78 ../../libDaisy/build/libdaisy.a(stm32h7xx_hal_pcd.o)
                0x000000000800c324                HAL_PCD_EP_ClrStall
 .text.HAL_PCDEx_LPM_Callback
                0x000000000800c39c        0x4 ../../libDaisy/build/libdaisy.a(stm32h7xx_hal_pcd_ex.o)
                0x000000000800c39c                HAL_PCDEx_LPM_Callback
 .text.HAL_PWREx_ConfigSupply
                0x000000000800c3a0       0x4c ../../libDaisy/build/libdaisy.a(stm32h7xx_hal_pwr_ex.o)
                0x000000000800c3a0                HAL_PWREx_ConfigSupply
 .text.HAL_PWREx_EnableUSBVoltageDetector
                0x000000000800c3ec       0x10 ../../libDaisy/build/libdaisy.a(stm32h7xx_hal_pwr_ex.o)
                0x000000000800c3ec                HAL_PWREx_EnableUSBVoltageDetector
 .text.QSPI_Config
                0x000000000800c3fc      0x174 ../../libDaisy/build/libdaisy.a(stm32h7xx_hal_qspi.o)
 .text.HAL_QSPI_Init
                0x000000000800c570       0xd8 ../../libDaisy/build/libdaisy.a(stm32h7xx_hal_qspi.o)
                0x000000000800c570                HAL_QSPI_Init
 .text.HAL_QSPI_DeInit
                0x000000000800c648       0x3c ../../libDaisy/build/libdaisy.a(stm32h7xx_hal_qspi.o)
                0x000000000800c648                HAL_QSPI_DeInit
 .text.HAL_QSPI_Command
                0x000000000800c684       0xd4 ../../libDaisy/build/libdaisy.a(stm32h7xx_hal_qspi.o)
                0x000000000800c684                HAL_QSPI_Command
 .text.HAL_QSPI_Transmit
                0x000000000800c758       0xfc ../../libDaisy/build/libdaisy.a(stm32h7xx_hal_qspi.o)
                0x000000000800c758                HAL_QSPI_Transmit
 .text.HAL_QSPI_Receive
                0x000000000800c854      0x108 ../../libDaisy/build/libdaisy.a(stm32h7xx_hal_qspi.o)
                0x000000000800c854                HAL_QSPI_Receive
 .text.HAL_QSPI_AutoPolling
                0x000000000800c95c       0xf0 ../../libDaisy/build/libdaisy.a(stm32h7xx_hal_qspi.o)
                0x000000000800c95c                HAL_QSPI_AutoPolling
 .text.HAL_QSPI_MemoryMapped
                0x000000000800ca4c       0xc0 ../../libDaisy/build/libdaisy.a(stm32h7xx_hal_qspi.o)
                0x000000000800ca4c                HAL_QSPI_MemoryMapped
 .text.HAL_QSPI_ErrorCallback
                0x000000000800cb0c        0x4 ../../libDaisy/build/libdaisy.a(stm32h7xx_hal_qspi.o)
                0x000000000800cb0c                HAL_QSPI_ErrorCallback
 .text.QSPI_DMAAbortCplt
                0x000000000800cb10       0x38 ../../libDaisy/build/libdaisy.a(stm32h7xx_hal_qspi.o)
 .text.HAL_QSPI_AbortCpltCallback
                0x000000000800cb48        0x4 ../../libDaisy/build/libdaisy.a(stm32h7xx_hal_qspi.o)
                0x000000000800cb48                HAL_QSPI_AbortCpltCallback
 .text.HAL_QSPI_CmdCpltCallback
                0x000000000800cb4c        0x4 ../../libDaisy/build/libdaisy.a(stm32h7xx_hal_qspi.o)
                0x000000000800cb4c                HAL_QSPI_CmdCpltCallback
 .text.HAL_QSPI_RxCpltCallback
                0x000000000800cb50        0x4 ../../libDaisy/build/libdaisy.a(stm32h7xx_hal_qspi.o)
                0x000000000800cb50                HAL_QSPI_RxCpltCallback
 .text.HAL_QSPI_TxCpltCallback
                0x000000000800cb54        0x4 ../../libDaisy/build/libdaisy.a(stm32h7xx_hal_qspi.o)
                0x000000000800cb54                HAL_QSPI_TxCpltCallback
 .text.HAL_QSPI_FifoThresholdCallback
                0x000000000800cb58        0x4 ../../libDaisy/build/libdaisy.a(stm32h7xx_hal_qspi.o)
                0x000000000800cb58                HAL_QSPI_FifoThresholdCallback
 .text.HAL_QSPI_StatusMatchCallback
                0x000000000800cb5c        0x4 ../../libDaisy/build/libdaisy.a(stm32h7xx_hal_qspi.o)
                0x000000000800cb5c                HAL_QSPI_StatusMatchCallback
 .text.HAL_QSPI_TimeOutCallback
                0x000000000800cb60        0x4 ../../libDaisy/build/libdaisy.a(stm32h7xx_hal_qspi.o)
                0x000000000800cb60                HAL_QSPI_TimeOutCallback
 .text.HAL_QSPI_IRQHandler
                0x000000000800cb64      0x210 ../../libDaisy/build/libdaisy.a(stm32h7xx_hal_qspi.o)
                0x000000000800cb64                HAL_QSPI_IRQHandler
 .text.HAL_SAI_Init.part.0
                0x000000000800cd74      0x348 ../../libDaisy/build/libdaisy.a(stm32h7xx_hal_sai.o)
 .text.HAL_SAI_InitProtocol
                0x000000000800d0bc      0x178 ../../libDaisy/build/libdaisy.a(stm32h7xx_hal_sai.o)
                0x000000000800d0bc                HAL_SAI_InitProtocol
 .text.HAL_SAI_Transmit_DMA
                0x000000000800d234      0x124 ../../libDaisy/build/libdaisy.a(stm32h7xx_hal_sai.o)
                0x000000000800d234                HAL_SAI_Transmit_DMA
 .text.HAL_SAI_Receive_DMA
                0x000000000800d358       0xd0 ../../libDaisy/build/libdaisy.a(stm32h7xx_hal_sai.o)
                0x000000000800d358                HAL_SAI_Receive_DMA
 .text.HAL_SAI_TxCpltCallback
                0x000000000800d428        0x4 ../../libDaisy/build/libdaisy.a(stm32h7xx_hal_sai.o)
                0x000000000800d428                HAL_SAI_TxCpltCallback
 .text.SAI_DMATxCplt
                0x000000000800d42c       0x64 ../../libDaisy/build/libdaisy.a(stm32h7xx_hal_sai.o)
 .text.HAL_SAI_TxHalfCpltCallback
                0x000000000800d490        0x4 ../../libDaisy/build/libdaisy.a(stm32h7xx_hal_sai.o)
                0x000000000800d490                HAL_SAI_TxHalfCpltCallback
 .text.SAI_DMATxHalfCplt
                0x000000000800d494        0xc ../../libDaisy/build/libdaisy.a(stm32h7xx_hal_sai.o)
 .text.SAI_DMARxCplt
                0x000000000800d4a0       0x64 ../../libDaisy/build/libdaisy.a(stm32h7xx_hal_sai.o)
 .text.SAI_DMARxHalfCplt
                0x000000000800d504        0xc ../../libDaisy/build/libdaisy.a(stm32h7xx_hal_sai.o)
 .text.HAL_SAI_ErrorCallback
                0x000000000800d510        0x4 ../../libDaisy/build/libdaisy.a(stm32h7xx_hal_sai.o)
                0x000000000800d510                HAL_SAI_ErrorCallback
 .text.SAI_DMAError
                0x000000000800d514       0x6c ../../libDaisy/build/libdaisy.a(stm32h7xx_hal_sai.o)
 .text.HAL_SDRAM_Init
                0x000000000800d580       0x54 ../../libDaisy/build/libdaisy.a(stm32h7xx_hal_sdram.o)
                0x000000000800d580                HAL_SDRAM_Init
 .text.HAL_SDRAM_SendCommand
                0x000000000800d5d4       0x40 ../../libDaisy/build/libdaisy.a(stm32h7xx_hal_sdram.o)
                0x000000000800d5d4                HAL_SDRAM_SendCommand
 .text.HAL_SDRAM_ProgramRefreshRate
                0x000000000800d614       0x30 ../../libDaisy/build/libdaisy.a(stm32h7xx_hal_sdram.o)
                0x000000000800d614                HAL_SDRAM_ProgramRefreshRate
 .text.FMC_SDRAM_Init
                0x000000000800d644       0x7c ../../libDaisy/build/libdaisy.a(stm32h7xx_ll_fmc.o)
                0x000000000800d644                FMC_SDRAM_Init
 .text.FMC_SDRAM_Timing_Init
                0x000000000800d6c0       0x98 ../../libDaisy/build/libdaisy.a(stm32h7xx_ll_fmc.o)
                0x000000000800d6c0                FMC_SDRAM_Timing_Init
 .text.FMC_SDRAM_SendCommand
                0x000000000800d758       0x28 ../../libDaisy/build/libdaisy.a(stm32h7xx_ll_fmc.o)
                0x000000000800d758                FMC_SDRAM_SendCommand
 .text.FMC_SDRAM_ProgramRefreshRate
                0x000000000800d780       0x1c ../../libDaisy/build/libdaisy.a(stm32h7xx_ll_fmc.o)
                0x000000000800d780                FMC_SDRAM_ProgramRefreshRate
 .text.USB_SetTurnaroundTime
                0x000000000800d79c      0x104 ../../libDaisy/build/libdaisy.a(stm32h7xx_ll_usb.o)
                0x000000000800d79c                USB_SetTurnaroundTime
 .text.USB_FlushTxFifo
                0x000000000800d8a0       0x34 ../../libDaisy/build/libdaisy.a(stm32h7xx_ll_usb.o)
                0x000000000800d8a0                USB_FlushTxFifo
 .text.USB_GetDevSpeed
                0x000000000800d8d4       0x24 ../../libDaisy/build/libdaisy.a(stm32h7xx_ll_usb.o)
                0x000000000800d8d4                USB_GetDevSpeed
 .text.USB_ActivateEndpoint
                0x000000000800d8f8       0x90 ../../libDaisy/build/libdaisy.a(stm32h7xx_ll_usb.o)
                0x000000000800d8f8                USB_ActivateEndpoint
 .text.USB_EPStartXfer
                0x000000000800d988      0x230 ../../libDaisy/build/libdaisy.a(stm32h7xx_ll_usb.o)
                0x000000000800d988                USB_EPStartXfer
 .text.USB_EP0StartXfer
                0x000000000800dbb8      0x174 ../../libDaisy/build/libdaisy.a(stm32h7xx_ll_usb.o)
                0x000000000800dbb8                USB_EP0StartXfer
 .text.USB_WritePacket
                0x000000000800dd2c       0x2c ../../libDaisy/build/libdaisy.a(stm32h7xx_ll_usb.o)
                0x000000000800dd2c                USB_WritePacket
 .text.USB_ReadPacket
                0x000000000800dd58       0x20 ../../libDaisy/build/libdaisy.a(stm32h7xx_ll_usb.o)
                0x000000000800dd58                USB_ReadPacket
 .text.USB_EPSetStall
                0x000000000800dd78       0x68 ../../libDaisy/build/libdaisy.a(stm32h7xx_ll_usb.o)
                0x000000000800dd78                USB_EPSetStall
 .text.USB_EPClearStall
                0x000000000800dde0       0x58 ../../libDaisy/build/libdaisy.a(stm32h7xx_ll_usb.o)
                0x000000000800dde0                USB_EPClearStall
 .text.USB_SetDevAddress
                0x000000000800de38       0x24 ../../libDaisy/build/libdaisy.a(stm32h7xx_ll_usb.o)
                0x000000000800de38                USB_SetDevAddress
 .text.USB_ReadInterrupts
                0x000000000800de5c       0x14 ../../libDaisy/build/libdaisy.a(stm32h7xx_ll_usb.o)
                0x000000000800de5c                USB_ReadInterrupts
 .text.USB_ReadDevAllOutEpInterrupt
                0x000000000800de70       0x1c ../../libDaisy/build/libdaisy.a(stm32h7xx_ll_usb.o)
                0x000000000800de70                USB_ReadDevAllOutEpInterrupt
 .text.USB_ReadDevAllInEpInterrupt
                0x000000000800de8c       0x1c ../../libDaisy/build/libdaisy.a(stm32h7xx_ll_usb.o)
                0x000000000800de8c                USB_ReadDevAllInEpInterrupt
 .text.USB_ReadDevOutEPInterrupt
                0x000000000800dea8       0x1c ../../libDaisy/build/libdaisy.a(stm32h7xx_ll_usb.o)
                0x000000000800dea8                USB_ReadDevOutEPInterrupt
 .text.USB_ReadDevInEPInterrupt
                0x000000000800dec4       0x38 ../../libDaisy/build/libdaisy.a(stm32h7xx_ll_usb.o)
                0x000000000800dec4                USB_ReadDevInEPInterrupt
 .text.USB_GetMode
                0x000000000800defc        0x8 ../../libDaisy/build/libdaisy.a(stm32h7xx_ll_usb.o)
                0x000000000800defc                USB_GetMode
 .text.USB_ActivateSetup
                0x000000000800df04       0x38 ../../libDaisy/build/libdaisy.a(stm32h7xx_ll_usb.o)
                0x000000000800df04                USB_ActivateSetup
 .text.USB_EP0_OutStart
                0x000000000800df3c       0x58 ../../libDaisy/build/libdaisy.a(stm32h7xx_ll_usb.o)
                0x000000000800df3c                USB_EP0_OutStart
 .text.USB_InitFSLSPClkSel
                0x000000000800df94       0x44 ../../libDaisy/build/libdaisy.a(stm32h7xx_ll_usb.o)
                0x000000000800df94                USB_InitFSLSPClkSel
 .text.USB_HC_ReadInterrupt
                0x000000000800dfd8        0x8 ../../libDaisy/build/libdaisy.a(stm32h7xx_ll_usb.o)
                0x000000000800dfd8                USB_HC_ReadInterrupt
 .text.USB_HC_Halt
                0x000000000800dfe0       0xc0 ../../libDaisy/build/libdaisy.a(stm32h7xx_ll_usb.o)
                0x000000000800dfe0                USB_HC_Halt
 .text.USB_StopHost
                0x000000000800e0a0      0x2ec ../../libDaisy/build/libdaisy.a(stm32h7xx_ll_usb.o)
                0x000000000800e0a0                USB_StopHost
 .text.USBD_SetClassConfig
                0x000000000800e38c       0x14 ../../libDaisy/build/libdaisy.a(usbd_core.o)
                0x000000000800e38c                USBD_SetClassConfig
 .text.USBD_ClrClassConfig
                0x000000000800e3a0       0x10 ../../libDaisy/build/libdaisy.a(usbd_core.o)
                0x000000000800e3a0                USBD_ClrClassConfig
 .text.USBD_LL_SetupStage
                0x000000000800e3b0       0x5c ../../libDaisy/build/libdaisy.a(usbd_core.o)
                0x000000000800e3b0                USBD_LL_SetupStage
 .text.USBD_LL_DataOutStage
                0x000000000800e40c       0x7c ../../libDaisy/build/libdaisy.a(usbd_core.o)
                0x000000000800e40c                USBD_LL_DataOutStage
 .text.USBD_LL_DataInStage
                0x000000000800e488       0xcc ../../libDaisy/build/libdaisy.a(usbd_core.o)
                0x000000000800e488                USBD_LL_DataInStage
 .text.USBD_LL_Reset
                0x000000000800e554       0x50 ../../libDaisy/build/libdaisy.a(usbd_core.o)
                0x000000000800e554                USBD_LL_Reset
 .text.USBD_LL_SetSpeed
                0x000000000800e5a4        0x8 ../../libDaisy/build/libdaisy.a(usbd_core.o)
                0x000000000800e5a4                USBD_LL_SetSpeed
 .text.USBD_LL_Suspend
                0x000000000800e5ac       0x14 ../../libDaisy/build/libdaisy.a(usbd_core.o)
                0x000000000800e5ac                USBD_LL_Suspend
 .text.USBD_LL_Resume
                0x000000000800e5c0       0x10 ../../libDaisy/build/libdaisy.a(usbd_core.o)
                0x000000000800e5c0                USBD_LL_Resume
 .text.USBD_LL_SOF
                0x000000000800e5d0       0x1c ../../libDaisy/build/libdaisy.a(usbd_core.o)
                0x000000000800e5d0                USBD_LL_SOF
 .text.USBD_LL_IsoINIncomplete
                0x000000000800e5ec        0x4 ../../libDaisy/build/libdaisy.a(usbd_core.o)
                0x000000000800e5ec                USBD_LL_IsoINIncomplete
 .text.USBD_LL_IsoOUTIncomplete
                0x000000000800e5f0        0x4 ../../libDaisy/build/libdaisy.a(usbd_core.o)
                0x000000000800e5f0                USBD_LL_IsoOUTIncomplete
 .text.USBD_LL_DevConnected
                0x000000000800e5f4        0x4 ../../libDaisy/build/libdaisy.a(usbd_core.o)
                0x000000000800e5f4                USBD_LL_DevConnected
 .text.USBD_LL_DevDisconnected
                0x000000000800e5f8       0x18 ../../libDaisy/build/libdaisy.a(usbd_core.o)
                0x000000000800e5f8                USBD_LL_DevDisconnected
 .text.USBD_StdDevReq
                0x000000000800e610      0x304 ../../libDaisy/build/libdaisy.a(usbd_ctlreq.o)
                0x000000000800e610                USBD_StdDevReq
 .text.USBD_StdItfReq
                0x000000000800e914       0x68 ../../libDaisy/build/libdaisy.a(usbd_ctlreq.o)
                0x000000000800e914                USBD_StdItfReq
 .text.USBD_StdEPReq
                0x000000000800e97c      0x13c ../../libDaisy/build/libdaisy.a(usbd_ctlreq.o)
                0x000000000800e97c                USBD_StdEPReq
 .text.USBD_ParseSetupRequest
                0x000000000800eab8       0x28 ../../libDaisy/build/libdaisy.a(usbd_ctlreq.o)
                0x000000000800eab8                USBD_ParseSetupRequest
 .text.USBD_CtlSendData
                0x000000000800eae0       0x1c ../../libDaisy/build/libdaisy.a(usbd_ioreq.o)
                0x000000000800eae0                USBD_CtlSendData
 .text.USBD_CtlContinueSendData
                0x000000000800eafc       0x14 ../../libDaisy/build/libdaisy.a(usbd_ioreq.o)
                0x000000000800eafc                USBD_CtlContinueSendData
 .text.USBD_CtlContinueRx
                0x000000000800eb10       0x14 ../../libDaisy/build/libdaisy.a(usbd_ioreq.o)
                0x000000000800eb10                USBD_CtlContinueRx
 .text.USBD_CtlSendStatus
                0x000000000800eb24       0x18 ../../libDaisy/build/libdaisy.a(usbd_ioreq.o)
                0x000000000800eb24                USBD_CtlSendStatus
 .text.USBD_CtlReceiveStatus
                0x000000000800eb3c       0x18 ../../libDaisy/build/libdaisy.a(usbd_ioreq.o)
                0x000000000800eb3c                USBD_CtlReceiveStatus
 .text.USBH_LL_IncTimer
                0x000000000800eb54       0x20 ../../libDaisy/build/libdaisy.a(usbh_core.o)
                0x000000000800eb54                USBH_LL_IncTimer
 .text.USBH_LL_PortEnabled
                0x000000000800eb74        0x8 ../../libDaisy/build/libdaisy.a(usbh_core.o)
                0x000000000800eb74                USBH_LL_PortEnabled
 .text.USBH_LL_PortDisabled
                0x000000000800eb7c        0x8 ../../libDaisy/build/libdaisy.a(usbh_core.o)
                0x000000000800eb7c                USBH_LL_PortDisabled
 .text.USBH_LL_Connect
                0x000000000800eb84       0x18 ../../libDaisy/build/libdaisy.a(usbh_core.o)
                0x000000000800eb84                USBH_LL_Connect
 .text.USBH_LL_Disconnect
                0x000000000800eb9c       0x2c ../../libDaisy/build/libdaisy.a(usbh_core.o)
                0x000000000800eb9c                USBH_LL_Disconnect
 .text.USBH_FreePipe
                0x000000000800ebc8       0x18 ../../libDaisy/build/libdaisy.a(usbh_pipes.o)